Archive member included to satisfy reference by file (symbol)

/usr/lib/gcc-cross/arm-linux-gnueabihf/7/libgcc.a(_udivsi3.o)
                              arch/arm/cpu/armv7/built-in.o (__aeabi_uidiv)
/usr/lib/gcc-cross/arm-linux-gnueabihf/7/libgcc.a(_divsi3.o)
                              arch/arm/cpu/armv7/built-in.o (__aeabi_idiv)
/usr/lib/gcc-cross/arm-linux-gnueabihf/7/libgcc.a(_dvmd_lnx.o)
                              /usr/lib/gcc-cross/arm-linux-gnueabihf/7/libgcc.a(_udivsi3.o) (__aeabi_idiv0)

Discarded input sections

 .data          0x0000000000000000        0x0 arch/arm/cpu/armv7/start.o
 .bss           0x0000000000000000        0x0 arch/arm/cpu/armv7/start.o
 .text.v7_arch_cp15_set_l2aux_ctrl
                0x0000000000000000        0x8 arch/arm/cpu/armv7/built-in.o
 .text.v7_arch_cp15_set_acr
                0x0000000000000000        0x8 arch/arm/cpu/armv7/built-in.o
 .text.sdelay   0x0000000000000000        0xc arch/arm/cpu/armv7/built-in.o
 .text.wait_on_value
                0x0000000000000000       0x34 arch/arm/cpu/armv7/built-in.o
 .text.get_nr_cpus
                0x0000000000000000       0x10 arch/arm/cpu/armv7/built-in.o
 .text.board_mmc_get_env_dev
                0x0000000000000000        0x8 arch/arm/cpu/armv7/built-in.o
 .text.get_boot_device
                0x0000000000000000       0x9c arch/arm/cpu/armv7/built-in.o
 .text.enable_uart_clk
                0x0000000000000000       0x54 arch/arm/cpu/armv7/built-in.o
 .text.enable_usdhc_clk
                0x0000000000000000       0x4c arch/arm/cpu/armv7/built-in.o
 .text.enable_spi_clk
                0x0000000000000000       0x44 arch/arm/cpu/armv7/built-in.o
 .text.enable_lvds_bridge
                0x0000000000000000      0x1d8 arch/arm/cpu/armv7/built-in.o
 .text.enable_ipu_clock
                0x0000000000000000       0x90 arch/arm/cpu/armv7/built-in.o
 .data          0x0000000000000000        0x0 arch/arm/cpu/armv7/built-in.o
 .bss           0x0000000000000000        0x0 arch/arm/cpu/armv7/built-in.o
 .text          0x0000000000000000        0x0 arch/arm/imx-common/built-in.o
 .text.imx_iomux_set_gpr_register
                0x0000000000000000       0x44 arch/arm/imx-common/built-in.o
 .text.get_imx_reset_cause
                0x0000000000000000       0x10 arch/arm/imx-common/built-in.o
 .text.set_chipselect_size
                0x0000000000000000       0x7c arch/arm/imx-common/built-in.o
 .text.usec2ticks
                0x0000000000000000       0x64 arch/arm/imx-common/built-in.o
 .rodata.set_chipselect_size.str1.1
                0x0000000000000000       0x1e arch/arm/imx-common/built-in.o
 .data          0x0000000000000000        0x0 arch/arm/imx-common/built-in.o
 .bss           0x0000000000000000        0x0 arch/arm/imx-common/built-in.o
 .text.reset_misc
                0x0000000000000000        0x4 arch/arm/lib/built-in.o
 .text.enable_caches
                0x0000000000000000        0xc arch/arm/lib/built-in.o
 .text.invalidate_dcache_range
                0x0000000000000000        0x4 arch/arm/lib/built-in.o
 .text.flush_dcache_range
                0x0000000000000000        0x4 arch/arm/lib/built-in.o
 .text.flush_dcache_all
                0x0000000000000000        0xc arch/arm/lib/built-in.o
 .text.arm_init_before_mmu
                0x0000000000000000        0x4 arch/arm/lib/built-in.o
 .text.mmu_page_table_flush
                0x0000000000000000        0x4 arch/arm/lib/built-in.o
 .rodata.enable_caches.str1.1
                0x0000000000000000       0x1d arch/arm/lib/built-in.o
 .data          0x0000000000000000        0x0 arch/arm/lib/built-in.o
 .__secure_end  0x0000000000000000        0x0 arch/arm/lib/built-in.o
 .__secure_start
                0x0000000000000000        0x0 arch/arm/lib/built-in.o
 .bss           0x0000000000000000        0x0 arch/arm/lib/built-in.o
 .text          0x0000000000000000        0x0 board/freescale/common/built-in.o
 .text.mmc_map_to_kernel_blk
                0x0000000000000000        0x4 board/freescale/common/built-in.o
 .data          0x0000000000000000        0x0 board/freescale/common/built-in.o
 .bss           0x0000000000000000        0x0 board/freescale/common/built-in.o
 .text          0x0000000000000000        0x0 board/freescale/mx6ullevk/built-in.o
 .text.iox74lv_set
                0x0000000000000000       0xf8 board/freescale/mx6ullevk/built-in.o
 .data          0x0000000000000000        0x0 board/freescale/mx6ullevk/built-in.o
 .bss           0x0000000000000000        0x0 board/freescale/mx6ullevk/built-in.o
 .text          0x0000000000000000        0x0 cmd/built-in.o
 .text.bootz_setup
                0x0000000000000000       0x18 cmd/built-in.o
 .text.gunzip_bmp
                0x0000000000000000        0x8 cmd/built-in.o
 .text.invalidate_icache_all
                0x0000000000000000        0xc cmd/built-in.o
 .text.flush_dcache_all
                0x0000000000000000        0xc cmd/built-in.o
 .rodata.bootz_setup.str1.1
[...]
Memory Configuration

Name             Origin             Length             Attributes
*default*        0x0000000000000000 0xffffffffffffffff

Linker script and memory map

Address of section .text set to 0x87800000
                0x0000000000000000                . = 0x0
                0x0000000000000000                . = ALIGN (0x4)

.text           0x0000000087800000    0x3f03c
 *(.__image_copy_start)
 .__image_copy_start
                0x0000000087800000        0x0 arch/arm/lib/built-in.o
                0x0000000087800000                __image_copy_start
 *(.vectors)
 .vectors       0x0000000087800000      0x2e8 arch/arm/lib/built-in.o
                0x0000000087800000                _start
                0x0000000087800020                _undefined_instruction
                0x0000000087800024                _software_interrupt
                0x0000000087800028                _prefetch_abort
                0x000000008780002c                _data_abort
                0x0000000087800030                _not_used
                0x0000000087800034                _irq
                0x0000000087800038                _fiq
                0x0000000087800040                IRQ_STACK_START_IN
 arch/arm/cpu/armv7/start.o(.text*)
 .text          0x00000000878002e8       0xb0 arch/arm/cpu/armv7/start.o
                0x00000000878002e8                reset
                0x00000000878002ec                save_boot_params_ret
                0x0000000087800328                c_runtime_cpu_setup
                0x0000000087800338                save_boot_params
                0x000000008780033c                cpu_init_cp15
                0x0000000087800390                cpu_init_crit
 *(.text*)
 .text          0x0000000087800398       0x24 arch/arm/cpu/armv7/built-in.o
                0x0000000087800398                lowlevel_init
 .text.v7_maint_dcache_all
                0x00000000878003bc      0x11c arch/arm/cpu/armv7/built-in.o
 .text.invalidate_icache_all
                0x00000000878004d8       0x18 arch/arm/cpu/armv7/built-in.o
                0x00000000878004d8                invalidate_icache_all
 .text.v7_outer_cache_enable
                0x00000000878004f0        0x4 arch/arm/cpu/armv7/built-in.o
                0x00000000878004f0                v7_outer_cache_enable
 .text.v7_outer_cache_disable
                0x00000000878004f4        0x4 arch/arm/cpu/armv7/built-in.o
                0x00000000878004f4                v7_outer_cache_disable
 .text.v7_outer_cache_flush_all
                0x00000000878004f8        0x4 arch/arm/cpu/armv7/built-in.o
                0x00000000878004f8                v7_outer_cache_flush_all
 .text.flush_dcache_all
                0x00000000878004fc       0x14 arch/arm/cpu/armv7/built-in.o
                0x00000000878004fc                flush_dcache_all
 .text.v7_outer_cache_inval_all
                0x0000000087800510        0x4 arch/arm/cpu/armv7/built-in.o
                0x0000000087800510                v7_outer_cache_inval_all
 .text.invalidate_dcache_all
                0x0000000087800514       0x14 arch/arm/cpu/armv7/built-in.o
                0x0000000087800514                invalidate_dcache_all
 .text.arm_init_before_mmu
                0x0000000087800528       0x28 arch/arm/cpu/armv7/built-in.o
                0x0000000087800528                arm_init_before_mmu
 .text.v7_outer_cache_flush_range
                0x0000000087800550        0x4 arch/arm/cpu/armv7/built-in.o
                0x0000000087800550                v7_outer_cache_flush_range
 .text.flush_dcache_range
                0x0000000087800554       0x38 arch/arm/cpu/armv7/built-in.o
                0x0000000087800554                flush_dcache_range
 .text.mmu_page_table_flush
                0x000000008780058c       0x24 arch/arm/cpu/armv7/built-in.o
                0x000000008780058c                mmu_page_table_flush
 .text.v7_outer_cache_inval_range
                0x00000000878005b0        0x4 arch/arm/cpu/armv7/built-in.o
                0x00000000878005b0                v7_outer_cache_inval_range
 .text.invalidate_dcache_range
                0x00000000878005b4       0xa8 arch/arm/cpu/armv7/built-in.o
                0x00000000878005b4                invalidate_dcache_range
 .text.cpu_cache_initialization
                0x000000008780065c        0x4 arch/arm/cpu/armv7/built-in.o
                0x000000008780065c                cpu_cache_initialization
 .text.cleanup_before_linux_select
                0x0000000087800660       0x4c arch/arm/cpu/armv7/built-in.o
                0x0000000087800660                cleanup_before_linux_select
 .text.cleanup_before_linux
                0x00000000878006ac        0x8 arch/arm/cpu/armv7/built-in.o
                0x00000000878006ac                cleanup_before_linux
 .text.get_cpu_rev
                0x00000000878006b4       0x90 arch/arm/cpu/armv7/built-in.o
                0x00000000878006b4                get_cpu_rev
 .text.get_cpu_speed_grade_hz
                0x0000000087800744      0x120 arch/arm/cpu/armv7/built-in.o
                0x0000000087800744                get_cpu_speed_grade_hz
 .text.get_cpu_temp_grade
                0x0000000087800864       0x68 arch/arm/cpu/armv7/built-in.o
                0x0000000087800864                get_cpu_temp_grade
 .text.get_board_rev
                0x00000000878008cc       0x40 arch/arm/cpu/armv7/built-in.o
                0x00000000878008cc                get_board_rev
 .text.arch_cpu_init
                0x000000008780090c      0x364 arch/arm/cpu/armv7/built-in.o
                0x000000008780090c                arch_cpu_init
 .text.mmc_get_env_dev
                0x0000000087800c70       0x28 arch/arm/cpu/armv7/built-in.o
                0x0000000087800c70                mmc_get_env_dev
 .text.board_mmc_get_env_part
                0x0000000087800c98        0x8 arch/arm/cpu/armv7/built-in.o
                0x0000000087800c98                board_mmc_get_env_part
 .text.mmc_get_env_part
                0x0000000087800ca0       0x28 arch/arm/cpu/armv7/built-in.o
                0x0000000087800ca0                mmc_get_env_part
 .text.board_postclk_init
                0x0000000087800cc8       0x70 arch/arm/cpu/armv7/built-in.o
                0x0000000087800cc8                board_postclk_init
 .text.imx_get_mac_from_fuse
                0x0000000087800d38       0xb8 arch/arm/cpu/armv7/built-in.o
                0x0000000087800d38                imx_get_mac_from_fuse
 .text.set_wdog_reset
                0x0000000087800df0       0x18 arch/arm/cpu/armv7/built-in.o
                0x0000000087800df0                set_wdog_reset
 .text.reset_misc
                0x0000000087800e08        0x4 arch/arm/cpu/armv7/built-in.o
                0x0000000087800e08                reset_misc
 .text.s_init   0x0000000087800e0c       0xac arch/arm/cpu/armv7/built-in.o
                0x0000000087800e0c                s_init
 .text.disable_lcdif_clock
                0x0000000087800eb8      0x1fc arch/arm/cpu/armv7/built-in.o
 .text.get_ipg_clk
                0x00000000878010b4       0x28 arch/arm/cpu/armv7/built-in.o
 .text.enable_pll_video.constprop.0
                0x00000000878010dc       0xec arch/arm/cpu/armv7/built-in.o
 .text.get_uart_clk
                0x00000000878011c8       0xd8 arch/arm/cpu/armv7/built-in.o
 .text.mxc_get_pll_pfd
                0x00000000878012a0       0xa8 arch/arm/cpu/armv7/built-in.o
 .text.get_usdhc_clk
                0x0000000087801348       0xb8 arch/arm/cpu/armv7/built-in.o
 .text.enable_ocotp_clk
                0x0000000087801400       0x24 arch/arm/cpu/armv7/built-in.o
                0x0000000087801400                enable_ocotp_clk
 .text.enable_usboh3_clk
                0x0000000087801424       0x24 arch/arm/cpu/armv7/built-in.o
                0x0000000087801424                enable_usboh3_clk
 .text.enable_enet_clk
                0x0000000087801448       0x64 arch/arm/cpu/armv7/built-in.o
                0x0000000087801448                enable_enet_clk
 .text.enable_i2c_clk
                0x00000000878014ac       0xd8 arch/arm/cpu/armv7/built-in.o
                0x00000000878014ac                enable_i2c_clk
 .text.get_periph_clk
                0x0000000087801584       0xc8 arch/arm/cpu/armv7/built-in.o
                0x0000000087801584                get_periph_clk
 .text.get_axi_clk
                0x000000008780164c       0x4c arch/arm/cpu/armv7/built-in.o
 .text.enable_lcdif_clock
                0x0000000087801698      0x258 arch/arm/cpu/armv7/built-in.o
                0x0000000087801698                enable_lcdif_clock
 .text.mxs_set_lcdclk
                0x00000000878018f0      0x388 arch/arm/cpu/armv7/built-in.o
                0x00000000878018f0                mxs_set_lcdclk
 .text.enable_qspi_clk
                0x0000000087801c78       0x98 arch/arm/cpu/armv7/built-in.o
                0x0000000087801c78                enable_qspi_clk
 .text.enable_fec_anatop_clock
                0x0000000087801d10       0xe0 arch/arm/cpu/armv7/built-in.o
                0x0000000087801d10                enable_fec_anatop_clock
 .text.imx_get_uartclk
                0x0000000087801df0        0x4 arch/arm/cpu/armv7/built-in.o
                0x0000000087801df0                imx_get_uartclk
 .text.enable_thermal_clk
                0x0000000087801df4       0x44 arch/arm/cpu/armv7/built-in.o
                0x0000000087801df4                enable_thermal_clk
 .text.mxc_get_clock
                0x0000000087801e38      0x4b8 arch/arm/cpu/armv7/built-in.o
                0x0000000087801e38                mxc_get_clock
 .text.imx_get_fecclk
                0x00000000878022f0        0x8 arch/arm/cpu/armv7/built-in.o
                0x00000000878022f0                imx_get_fecclk
 .text.do_mx6_showclocks
                0x00000000878022f8      0x230 arch/arm/cpu/armv7/built-in.o
                0x00000000878022f8                do_mx6_showclocks
 .text.imx_iomux_v3_setup_pad
                0x0000000087802528      0x128 arch/arm/imx-common/built-in.o
                0x0000000087802528                imx_iomux_v3_setup_pad
 .text.imx_iomux_v3_setup_multiple_pads
                0x0000000087802650       0x28 arch/arm/imx-common/built-in.o
                0x0000000087802650                imx_iomux_v3_setup_multiple_pads
 .text.imx_ddr_size
                0x0000000087802678       0x64 arch/arm/imx-common/built-in.o
                0x0000000087802678                imx_ddr_size
 .text.get_imx_type
                0x00000000878026dc       0x20 arch/arm/imx-common/built-in.o
                0x00000000878026dc                get_imx_type
 .text.print_cpuinfo
                0x00000000878026fc      0x228 arch/arm/imx-common/built-in.o
                0x00000000878026fc                print_cpuinfo
 .text.cpu_eth_init
                0x0000000087802924        0x4 arch/arm/imx-common/built-in.o
                0x0000000087802924                cpu_eth_init
 .text.cpu_mmc_init
                0x0000000087802928        0x4 arch/arm/imx-common/built-in.o
                0x0000000087802928                cpu_mmc_init
 .text.get_ahb_clk
                0x000000008780292c       0x24 arch/arm/imx-common/built-in.o
                0x000000008780292c                get_ahb_clk
 .text.arch_preboot_os
                0x0000000087802950        0x4 arch/arm/imx-common/built-in.o
                0x0000000087802950                arch_preboot_os
 .text.get_clocks
                0x0000000087802954       0x1c arch/arm/imx-common/built-in.o
                0x0000000087802954                get_clocks
 .text.force_idle_bus
                0x0000000087802970      0x1c4 arch/arm/imx-common/built-in.o
                0x0000000087802970                force_idle_bus
 .text.setup_i2c
                0x0000000087802b34       0xdc arch/arm/imx-common/built-in.o
                0x0000000087802b34                setup_i2c
 .text.mxs_wait_mask_set
                0x0000000087802c10       0x3c arch/arm/imx-common/built-in.o
                0x0000000087802c10                mxs_wait_mask_set
 .text.mxs_wait_mask_clr
                0x0000000087802c4c       0x3c arch/arm/imx-common/built-in.o
                0x0000000087802c4c                mxs_wait_mask_clr
 .text.mxs_reset_block
                0x0000000087802c88       0x90 arch/arm/imx-common/built-in.o
                0x0000000087802c88                mxs_reset_block
 .text.enable_caches
                0x0000000087802d18       0x34 arch/arm/imx-common/built-in.o
                0x0000000087802d18                enable_caches
 .text.init_aips
                0x0000000087802d4c       0xc0 arch/arm/imx-common/built-in.o
                0x0000000087802d4c                init_aips
 .text.imx_set_wdog_powerdown
                0x0000000087802e0c       0xa0 arch/arm/imx-common/built-in.o
                0x0000000087802e0c                imx_set_wdog_powerdown
 .text.init_src
                0x0000000087802eac       0x18 arch/arm/imx-common/built-in.o
                0x0000000087802eac                init_src
 .text.boot_mode_apply
                0x0000000087802ec4       0x24 arch/arm/imx-common/built-in.o
                0x0000000087802ec4                boot_mode_apply
 .text.board_video_skip
                0x0000000087802ee8      0x1b4 arch/arm/imx-common/built-in.o
                0x0000000087802ee8                board_video_skip
 .text.timer_init
                0x000000008780309c       0x3c arch/arm/imx-common/built-in.o
                0x000000008780309c                timer_init
 .text.get_ticks
                0x00000000878030d8       0x18 arch/arm/imx-common/built-in.o
                0x00000000878030d8                get_ticks
 .text.get_timer_masked
                0x00000000878030f0       0x58 arch/arm/imx-common/built-in.o
                0x00000000878030f0                get_timer_masked
 .text.get_timer
                0x0000000087803148       0x14 arch/arm/imx-common/built-in.o
                0x0000000087803148                get_timer
 *fill*         0x000000008780315c        0x4 
 .text.__udelay
                0x0000000087803160       0x90 arch/arm/imx-common/built-in.o
                0x0000000087803160                __udelay
 .text.get_tbclk
                0x00000000878031f0        0x8 arch/arm/imx-common/built-in.o
                0x00000000878031f0                get_tbclk
 .text.create_usage
                0x00000000878031f8       0xa4 arch/arm/imx-common/built-in.o
 .text.do_boot_mode
                0x000000008780329c       0xf0 arch/arm/imx-common/built-in.o
 .text.add_board_boot_modes
                0x000000008780338c       0x60 arch/arm/imx-common/built-in.o
                0x000000008780338c                add_board_boot_modes
 .text          0x00000000878033ec       0x90 arch/arm/lib/built-in.o
                0x00000000878033ec                _main
 .text.relocate_vectors
                0x000000008780347c       0x70 arch/arm/lib/built-in.o
                0x000000008780347c                relocate_vectors
                0x0000000087803488                relocate_code
 .text.arch_fixup_fdt
                0x00000000878034ec       0x34 arch/arm/lib/built-in.o
                0x00000000878034ec                arch_fixup_fdt
 .text.boot_jump_linux
                0x0000000087803520       0xc4 arch/arm/lib/built-in.o
 .text.arch_lmb_reserve
                0x00000000878035e4       0x24 arch/arm/lib/built-in.o
                0x00000000878035e4                arch_lmb_reserve
 .text.setup_board_tags
                0x0000000087803608        0x4 arch/arm/lib/built-in.o
                0x0000000087803608                setup_board_tags
 .text.boot_prep_linux
                0x000000008780360c      0x1b8 arch/arm/lib/built-in.o
 .text.do_bootm_linux
                0x00000000878037c4       0x58 arch/arm/lib/built-in.o
                0x00000000878037c4                do_bootm_linux
 .text.bootz_setup
                0x000000008780381c       0x58 arch/arm/lib/built-in.o
                0x000000008780381c                bootz_setup
 .text.boot_prep_vxworks
                0x0000000087803874       0x50 arch/arm/lib/built-in.o
                0x0000000087803874                boot_prep_vxworks
 .text.boot_jump_vxworks
                0x00000000878038c4        0xc arch/arm/lib/built-in.o
                0x00000000878038c4                boot_jump_vxworks
 .text.arch_reserve_stacks
                0x00000000878038d0       0x1c arch/arm/lib/built-in.o
                0x00000000878038d0                arch_reserve_stacks
 .text.interrupt_init
                0x00000000878038ec       0x1c arch/arm/lib/built-in.o
                0x00000000878038ec                interrupt_init
 .text.enable_interrupts
                0x0000000087803908        0x4 arch/arm/lib/built-in.o
                0x0000000087803908                enable_interrupts
 .text.disable_interrupts
                0x000000008780390c        0x8 arch/arm/lib/built-in.o
                0x000000008780390c                disable_interrupts
 .text.bad_mode
                0x0000000087803914       0x10 arch/arm/lib/built-in.o
                0x0000000087803914                bad_mode
 .text.show_regs
                0x0000000087803924      0x174 arch/arm/lib/built-in.o
                0x0000000087803924                show_regs
 .text.do_undefined_instruction
                0x0000000087803a98       0x20 arch/arm/lib/built-in.o
                0x0000000087803a98                do_undefined_instruction
 .text.do_software_interrupt
                0x0000000087803ab8       0x20 arch/arm/lib/built-in.o
                0x0000000087803ab8                do_software_interrupt
 .text.do_prefetch_abort
                0x0000000087803ad8       0x20 arch/arm/lib/built-in.o
                0x0000000087803ad8                do_prefetch_abort
 .text.do_data_abort
                0x0000000087803af8       0x20 arch/arm/lib/built-in.o
                0x0000000087803af8                do_data_abort
 .text.do_not_used
                0x0000000087803b18       0x20 arch/arm/lib/built-in.o
                0x0000000087803b18                do_not_used
 .text.do_fiq   0x0000000087803b38       0x20 arch/arm/lib/built-in.o
                0x0000000087803b38                do_fiq
 .text.do_irq   0x0000000087803b58       0x20 arch/arm/lib/built-in.o
                0x0000000087803b58                do_irq
 .text.do_reset
                0x0000000087803b78       0x30 arch/arm/lib/built-in.o
                0x0000000087803b78                do_reset
 .text.flush_cache
                0x0000000087803ba8        0x8 arch/arm/lib/built-in.o
                0x0000000087803ba8                flush_cache
 .text.cp_delay
                0x0000000087803bb0       0x30 arch/arm/lib/built-in.o
 .text.cache_disable
                0x0000000087803be0       0x48 arch/arm/lib/built-in.o
 .text.arm_init_domains
                0x0000000087803c28        0x4 arch/arm/lib/built-in.o
                0x0000000087803c28                arm_init_domains
 .text.set_section_dcache
                0x0000000087803c2c       0x14 arch/arm/lib/built-in.o
                0x0000000087803c2c                set_section_dcache
 .text.mmu_set_region_dcache_behaviour
                0x0000000087803c40       0x4c arch/arm/lib/built-in.o
                0x0000000087803c40                mmu_set_region_dcache_behaviour
 .text.dram_bank_mmu_setup
                0x0000000087803c8c       0x40 arch/arm/lib/built-in.o
                0x0000000087803c8c                dram_bank_mmu_setup
 .text.icache_enable
                0x0000000087803ccc       0x18 arch/arm/lib/built-in.o
                0x0000000087803ccc                icache_enable
 .text.icache_disable
                0x0000000087803ce4        0x8 arch/arm/lib/built-in.o
                0x0000000087803ce4                icache_disable
 .text.icache_status
                0x0000000087803cec        0xc arch/arm/lib/built-in.o
                0x0000000087803cec                icache_status
 .text.dcache_enable
                0x0000000087803cf8       0x78 arch/arm/lib/built-in.o
                0x0000000087803cf8                dcache_enable
 .text.dcache_disable
                0x0000000087803d70        0x8 arch/arm/lib/built-in.o
                0x0000000087803d70                dcache_disable
 .text.dcache_status
                0x0000000087803d78        0xc arch/arm/lib/built-in.o
                0x0000000087803d78                dcache_status
 .text.board_late_mmc_env_init
                0x0000000087803d84       0x9c board/freescale/common/built-in.o
                0x0000000087803d84                board_late_mmc_env_init
 .text.do_enable_parallel_lcd
                0x0000000087803e20       0x2c board/freescale/mx6ullevk/built-in.o
                0x0000000087803e20                do_enable_parallel_lcd
 .text.power_init_board
                0x0000000087803e4c        0x8 board/freescale/mx6ullevk/built-in.o
                0x0000000087803e4c                power_init_board
 .text.dram_init
                0x0000000087803e54       0x18 board/freescale/mx6ullevk/built-in.o
                0x0000000087803e54                dram_init
 .text.board_mmc_get_env_dev
                0x0000000087803e6c        0x4 board/freescale/mx6ullevk/built-in.o
                0x0000000087803e6c                board_mmc_get_env_dev
 .text.mmc_map_to_kernel_blk
                0x0000000087803e70        0x4 board/freescale/mx6ullevk/built-in.o
                0x0000000087803e70                mmc_map_to_kernel_blk
 .text.board_mmc_getcd
                0x0000000087803e74       0x44 board/freescale/mx6ullevk/built-in.o
                0x0000000087803e74                board_mmc_getcd
 .text.board_mmc_init
                0x0000000087803eb8       0xb8 board/freescale/mx6ullevk/built-in.o
                0x0000000087803eb8                board_mmc_init
 .text.board_usb_phy_mode
                0x0000000087803f70       0x14 board/freescale/mx6ullevk/built-in.o
                0x0000000087803f70                board_usb_phy_mode
 .text.board_ehci_hcd_init
                0x0000000087803f84       0x28 board/freescale/mx6ullevk/built-in.o
                0x0000000087803f84                board_ehci_hcd_init
 .text.board_eth_init
                0x0000000087803fac       0x60 board/freescale/mx6ullevk/built-in.o
                0x0000000087803fac                board_eth_init
 .text.board_phy_config
                0x000000008780400c       0x4c board/freescale/mx6ullevk/built-in.o
                0x000000008780400c                board_phy_config
 .text.board_early_init_f
                0x0000000087804058       0x1c board/freescale/mx6ullevk/built-in.o
                0x0000000087804058                board_early_init_f
 .text.select_display_dev
                0x0000000087804074      0x170 board/freescale/mx6ullevk/built-in.o
                0x0000000087804074                select_display_dev
 .text.imx6_light_up_led1
                0x00000000878041e4       0x18 board/freescale/mx6ullevk/built-in.o
                0x00000000878041e4                imx6_light_up_led1
 .text.imx6_light_up_led2
                0x00000000878041fc       0x18 board/freescale/mx6ullevk/built-in.o
                0x00000000878041fc                imx6_light_up_led2
 .text.board_init
                0x0000000087804214      0x1a0 board/freescale/mx6ullevk/built-in.o
                0x0000000087804214                board_init
 .text.board_late_init
                0x00000000878043b4       0x50 board/freescale/mx6ullevk/built-in.o
                0x00000000878043b4                board_late_init
 .text.checkboard
                0x0000000087804404       0x18 board/freescale/mx6ullevk/built-in.o
                0x0000000087804404                checkboard
 .text.do_go_exec
                0x000000008780441c       0x10 cmd/built-in.o
                0x000000008780441c                do_go_exec
 .text.do_go    0x000000008780442c       0x6c cmd/built-in.o
 .text.do_bootm
                0x0000000087804498      0x108 cmd/built-in.o
                0x0000000087804498                do_bootm
 .text.do_bootd
                0x00000000878045a0       0x20 cmd/built-in.o
                0x00000000878045a0                do_bootd
 .text.image_info
                0x00000000878045c0       0xcc cmd/built-in.o
 .text.do_iminfo
                0x000000008780468c       0x54 cmd/built-in.o
 .text.bootm_maybe_autostart
                0x00000000878046e0       0x78 cmd/built-in.o
                0x00000000878046e0                bootm_maybe_autostart
 .text.do_bootz
                0x0000000087804758       0xfc cmd/built-in.o
                0x0000000087804758                do_bootz
 .text.do_help  0x0000000087804854       0x44 cmd/built-in.o
 .text.do_version
                0x0000000087804898       0x38 cmd/built-in.o
 .text.source   0x00000000878048d0       0xd8 cmd/built-in.o
                0x00000000878048d0                source
 .text.do_source
                0x00000000878049a8       0x48 cmd/built-in.o
 .text.print_num
                0x00000000878049f0       0x14 cmd/built-in.o
 .text.do_bdinfo
                0x0000000087804a04      0x198 cmd/built-in.o
 .text.do_bmp   0x0000000087804b9c       0x58 cmd/built-in.o
 .text.do_bmp_info
                0x0000000087804bf4      0x10c cmd/built-in.o
 .text.bmp_display
                0x0000000087804d00       0x50 cmd/built-in.o
                0x0000000087804d00                bmp_display
 .text.do_bmp_display
                0x0000000087804d50       0xb8 cmd/built-in.o
 .text.parse_argv
                0x0000000087804e08       0x64 cmd/built-in.o
 .text.do_icache
                0x0000000087804e6c       0x88 cmd/built-in.o
 .text.do_dcache
                0x0000000087804ef4       0x88 cmd/built-in.o
 .text.do_coninfo
                0x0000000087804f7c       0xb0 cmd/built-in.o
 .text.do_echo  0x000000008780502c       0xb4 cmd/built-in.o
 .text.load_elf_image_shdr
                0x00000000878050e0       0x8c cmd/built-in.o
 .text.valid_elf_image
                0x000000008780516c       0x4c cmd/built-in.o
                0x000000008780516c                valid_elf_image
 .text.do_bootelf
                0x00000000878051b8      0x1bc cmd/built-in.o
                0x00000000878051b8                do_bootelf
 .text.do_bootvx
                0x0000000087805374      0x334 cmd/built-in.o
                0x0000000087805374                do_bootvx
 .text.do_exit  0x00000000878056a8       0x48 cmd/built-in.o
 .text.do_ext4_size
                0x00000000878056f0       0x18 cmd/built-in.o
                0x00000000878056f0                do_ext4_size
 .text.do_ext4_load
                0x0000000087805708       0x18 cmd/built-in.o
                0x0000000087805708                do_ext4_load
 .text.do_ext4_ls
                0x0000000087805720       0x18 cmd/built-in.o
                0x0000000087805720                do_ext4_ls
 .text.do_ext4_write
                0x0000000087805738       0x18 cmd/built-in.o
                0x0000000087805738                do_ext4_write
 .text.do_ext2load
                0x0000000087805750       0x18 cmd/built-in.o
                0x0000000087805750                do_ext2load
 .text.do_ext2ls
                0x0000000087805768       0x18 cmd/built-in.o
 .text.do_fat_size
                0x0000000087805780       0x18 cmd/built-in.o
                0x0000000087805780                do_fat_size
 .text.do_fat_fsload
                0x0000000087805798       0x18 cmd/built-in.o
                0x0000000087805798                do_fat_fsload
 .text.do_fat_ls
                0x00000000878057b0       0x18 cmd/built-in.o
 .text.do_fat_fswrite
                0x00000000878057c8      0x108 cmd/built-in.o
 .text.do_fat_fsinfo
                0x00000000878058d0       0x8c cmd/built-in.o
 .text.fdt_valid
                0x000000008780595c       0xbc cmd/built-in.o
 .text.is_printable_string
                0x0000000087805a18       0x88 cmd/built-in.o
 .text.print_data
                0x0000000087805aa0      0x170 cmd/built-in.o
 .text.set_working_fdt_addr
                0x0000000087805c10       0x1c cmd/built-in.o
                0x0000000087805c10                set_working_fdt_addr
 .text.do_fdt   0x0000000087805c2c      0xe20 cmd/built-in.o
 .text.do_flinfo
                0x0000000087806a4c        0x8 cmd/built-in.o
 .text.do_protect
                0x0000000087806a54       0x10 cmd/built-in.o
 .text.do_flerase
                0x0000000087806a64        0x8 cmd/built-in.o
 .text.do_size_wrapper
                0x0000000087806a6c       0x18 cmd/built-in.o
 .text.do_load_wrapper
                0x0000000087806a84       0x18 cmd/built-in.o
 .text.do_save_wrapper
                0x0000000087806a9c       0x18 cmd/built-in.o
 .text.do_ls_wrapper
                0x0000000087806ab4       0x18 cmd/built-in.o
 .text.do_fstype_wrapper
                0x0000000087806acc        0x4 cmd/built-in.o
 .text.strtou32
                0x0000000087806ad0       0x44 cmd/built-in.o
 .text.do_fuse  0x0000000087806b14      0x364 cmd/built-in.o
 .text.name_to_gpio
                0x0000000087806e78        0xc cmd/built-in.o
                0x0000000087806e78                name_to_gpio
 .text.do_gpio  0x0000000087806e84      0x150 cmd/built-in.o
 .text.do_i2c   0x0000000087806fd4       0x68 cmd/built-in.o
 .text.do_i2c_bus_speed
                0x000000008780703c       0x78 cmd/built-in.o
 .text.do_i2c_reset
                0x00000000878070b4       0x2c cmd/built-in.o
 .text.do_i2c_probe
                0x00000000878070e0       0xa0 cmd/built-in.o
 .text.do_i2c_bus_num
                0x0000000087807180       0xb8 cmd/built-in.o
 .text.do_i2c_show_bus
                0x0000000087807238       0xdc cmd/built-in.o
 .text.get_alen.constprop.5
                0x0000000087807314       0x3c cmd/built-in.o
 .text.do_i2c_crc
                0x0000000087807350      0x120 cmd/built-in.o
 .text.mod_i2c_mem.isra.3
                0x0000000087807470      0x1ec cmd/built-in.o
 .text.do_i2c_nm
                0x000000008780765c        0x8 cmd/built-in.o
 .text.do_i2c_mm
                0x0000000087807664        0x8 cmd/built-in.o
 .text.do_i2c_md
                0x000000008780766c      0x1e8 cmd/built-in.o
 .text.do_i2c_read
                0x0000000087807854       0xbc cmd/built-in.o
 .text.do_i2c_mw
                0x0000000087807910       0xf8 cmd/built-in.o
 .text.do_i2c_write
                0x0000000087807a08      0x144 cmd/built-in.o
 .text.do_i2c_loop
                0x0000000087807b4c       0xec cmd/built-in.o
 .text.i2c_init_board
                0x0000000087807c38        0x4 cmd/built-in.o
                0x0000000087807c38                i2c_init_board
 .text.evalexp  0x0000000087807c3c       0x78 cmd/built-in.o
 .text.evalstr  0x0000000087807cb4       0x64 cmd/built-in.o
 .text.binary_test
                0x0000000087807d18      0x1c0 cmd/built-in.o
 .text.do_itest
                0x0000000087807ed8       0x88 cmd/built-in.o
 .text.bin_data_init
                0x0000000087807f60       0x2c cmd/built-in.o
 .text.k_data_save
                0x0000000087807f8c       0x4c cmd/built-in.o
 .text.k_data_restore
                0x0000000087807fd8       0x4c cmd/built-in.o
 .text.getcxmodem
                0x0000000087808024       0x20 cmd/built-in.o
 .text.load_serial_ymodem
                0x0000000087808044       0xc8 cmd/built-in.o
 .text.bin_data_char
                0x000000008780810c       0x2c cmd/built-in.o
 .text.chk1.constprop.2
                0x0000000087808138       0x30 cmd/built-in.o
 .text.s1_sendpacket.constprop.3
                0x0000000087808168       0x4c cmd/built-in.o
 .text.load_serial
                0x00000000878081b4      0x1d8 cmd/built-in.o
 .text.do_load_serial
                0x000000008780838c       0xdc cmd/built-in.o
 .text.do_load_serial_bin
                0x0000000087808468      0x794 cmd/built-in.o
 .text.do_mem_mw
                0x0000000087808bfc       0xc0 cmd/built-in.o
 .text.do_mem_loop
                0x0000000087808cbc       0xec cmd/built-in.o
 .text.do_mem_md
                0x0000000087808da8       0xe8 cmd/built-in.o
 .text.do_mem_cmp
                0x0000000087808e90      0x154 cmd/built-in.o
 .text.do_mem_base
                0x0000000087808fe4       0x40 cmd/built-in.o
 .text.do_mem_cp
                0x0000000087809024       0xd8 cmd/built-in.o
 .text.do_mem_crc
                0x00000000878090fc       0x48 cmd/built-in.o
 .text.do_mem_mtest
                0x0000000087809144      0x224 cmd/built-in.o
 .text.mod_mem.isra.0
                0x0000000087809368      0x170 cmd/built-in.o
 .text.do_mem_mm
                0x00000000878094d8        0x8 cmd/built-in.o
 .text.do_mem_nm
                0x00000000878094e0        0x8 cmd/built-in.o
 .text.extract_range
                0x00000000878094e8       0xe4 cmd/built-in.o
 .text.do_mii   0x00000000878095cc      0x8f8 cmd/built-in.o
 .text.do_mdio  0x0000000087809ec4      0x4e8 cmd/built-in.o
 .text.do_sleep
                0x000000008780a3ac       0x70 cmd/built-in.o
 .text.do_mmcops
                0x000000008780a41c       0xb8 cmd/built-in.o
 .text.init_mmc_device
                0x000000008780a4d4       0x50 cmd/built-in.o
 .text.do_mmc_rescan
                0x000000008780a524       0x24 cmd/built-in.o
 .text.do_mmc_rst_func
                0x000000008780a548       0x9c cmd/built-in.o
 .text.do_mmc_partconf
                0x000000008780a5e4       0xb0 cmd/built-in.o
 .text.do_mmc_boot_resize
                0x000000008780a694       0xc8 cmd/built-in.o
 .text.do_mmc_bootbus
                0x000000008780a75c       0xb0 cmd/built-in.o
 .text.do_mmc_hwpartition
                0x000000008780a80c      0x50c cmd/built-in.o
 .text.do_mmc_list
                0x000000008780ad18       0x14 cmd/built-in.o
 .text.do_mmc_dev
                0x000000008780ad2c      0x128 cmd/built-in.o
 .text.do_mmc_erase
                0x000000008780ae54       0xe8 cmd/built-in.o
 .text.do_mmc_write
                0x000000008780af3c      0x100 cmd/built-in.o
 .text.do_mmc_read
                0x000000008780b03c       0xec cmd/built-in.o
 .text.do_mmcinfo
                0x000000008780b128      0x36c cmd/built-in.o
 .text.do_mmc_setdsr
                0x000000008780b494       0xa8 cmd/built-in.o
 .text.do_mmc_part
                0x000000008780b53c       0x5c cmd/built-in.o
 .text.netboot_common
                0x000000008780b598      0x298 cmd/built-in.o
 .text.do_bootp
                0x000000008780b830        0xc cmd/built-in.o
 .text.do_dhcp  0x000000008780b83c        0xc cmd/built-in.o
 .text.do_nfs   0x000000008780b848        0xc cmd/built-in.o
 .text.do_tftpb
                0x000000008780b854       0x40 cmd/built-in.o
                0x000000008780b854                do_tftpb
 .text.do_ping  0x000000008780b894       0x78 cmd/built-in.o
 .text.bytes_per_second
                0x000000008780b90c       0x50 cmd/built-in.o
 .text.do_spi_flash
                0x000000008780b95c      0x844 cmd/built-in.o
 .text.substitute
                0x000000008780c1a0       0xf0 cmd/built-in.o
 .text.get_arg  0x000000008780c290       0x58 cmd/built-in.o
 .text.regex_sub.part.1
                0x000000008780c2e8      0x47c cmd/built-in.o
 .text.do_setexpr
                0x000000008780c764      0x194 cmd/built-in.o
 .text.do_false
                0x000000008780c8f8        0x8 cmd/built-in.o
 .text.do_true  0x000000008780c900        0x8 cmd/built-in.o
 .text.do_test  0x000000008780c908      0x328 cmd/built-in.o
 .text.usb_get_class_desc
                0x000000008780cc30       0xbc cmd/built-in.o
 .text.usb_find_device
                0x000000008780ccec       0x3c cmd/built-in.o
 .text.usb_show_tree_graph
                0x000000008780cd28      0x230 cmd/built-in.o
 .text.usb_display_class_sub
                0x000000008780cf58      0x170 cmd/built-in.o
 .text.usb_display_string
                0x000000008780d0c8       0x44 cmd/built-in.o
 .text.usb_display_config
                0x000000008780d10c      0x210 cmd/built-in.o
 .text.do_usbboot
                0x000000008780d31c        0xc cmd/built-in.o
 .text.usb_display_desc.part.1
                0x000000008780d328      0x12c cmd/built-in.o
 .text.do_usb_start
                0x000000008780d454       0x38 cmd/built-in.o
 .text.usb_show_tree
                0x000000008780d48c       0x54 cmd/built-in.o
                0x000000008780d48c                usb_show_tree
 .text.do_usb   0x000000008780d4e0      0x734 cmd/built-in.o
 .text.do_imgextract
                0x000000008780dc14      0x284 cmd/built-in.o
 .text.do_env_delete
                0x000000008780de98       0xa0 cmd/built-in.o
 .text.do_env_exists
                0x000000008780df38       0x64 cmd/built-in.o
 .text.do_env_save
                0x000000008780df9c       0x2c cmd/built-in.o
 .text.do_env   0x000000008780dfc8       0x68 cmd/built-in.o
 .text.env_print
                0x000000008780e030       0xc4 cmd/built-in.o
 .text.do_env_print
                0x000000008780e0f4       0xc0 cmd/built-in.o
 .text.do_env_import
                0x000000008780e1b4      0x280 cmd/built-in.o
 .text.do_env_default
                0x000000008780e434       0x9c cmd/built-in.o
 .text._do_env_set.isra.0
                0x000000008780e4d0      0x1b4 cmd/built-in.o
 .text.do_env_set
                0x000000008780e684       0x20 cmd/built-in.o
 .text.get_env_id
                0x000000008780e6a4       0x10 cmd/built-in.o
                0x000000008780e6a4                get_env_id
 .text.setenv   0x000000008780e6b4       0x60 cmd/built-in.o
                0x000000008780e6b4                setenv
 .text.setenv_ulong
                0x000000008780e714       0x20 cmd/built-in.o
                0x000000008780e714                setenv_ulong
 .text.setenv_hex
                0x000000008780e734       0x34 cmd/built-in.o
                0x000000008780e734                setenv_hex
 .text.do_env_export
                0x000000008780e768      0x248 cmd/built-in.o
 .text.envmatch
                0x000000008780e9b0       0x68 cmd/built-in.o
                0x000000008780e9b0                envmatch
 .text.getenv_f
                0x000000008780ea18       0xc4 cmd/built-in.o
                0x000000008780ea18                getenv_f
 .text.getenv   0x000000008780eadc       0x78 cmd/built-in.o
                0x000000008780eadc                getenv
 .text.getenv_hex
                0x000000008780eb54       0x3c cmd/built-in.o
                0x000000008780eb54                getenv_hex
 .text.getenv_ulong
                0x000000008780eb90       0x30 cmd/built-in.o
                0x000000008780eb90                getenv_ulong
 .text.do_env_edit.part.3
                0x000000008780ebc0       0xa4 cmd/built-in.o
 .text.do_env_edit
                0x000000008780ec64       0x2c cmd/built-in.o
 .text.common_diskboot
                0x000000008780ec90      0x238 cmd/built-in.o
                0x000000008780ec90                common_diskboot
 .text.board_init_f_alloc_reserve
                0x000000008780eec8       0x10 common/built-in.o
                0x000000008780eec8                board_init_f_alloc_reserve
 .text.board_init_f_init_reserve
                0x000000008780eed8       0x20 common/built-in.o
                0x000000008780eed8                board_init_f_init_reserve
 .text.show_boot_progress
                0x000000008780eef8        0x4 common/built-in.o
                0x000000008780eef8                show_boot_progress
 .text.main_loop
                0x000000008780eefc       0x20 common/built-in.o
                0x000000008780eefc                main_loop
 .text.dummy    0x000000008780ef1c        0x4 common/built-in.o
 .text.get_version
                0x000000008780ef20        0x8 common/built-in.o
                0x000000008780ef20                get_version
 .text.jumptable_init
                0x000000008780ef28      0x1e0 common/built-in.o
                0x000000008780ef28                jumptable_init
 .text.hash_command
                0x000000008780f108       0xb0 common/built-in.o
                0x000000008780f108                hash_command
 .text.b_reset  0x000000008780f1b8       0x1c common/built-in.o
 .text.static_get
                0x000000008780f1d4       0x1c common/built-in.o
 .text.static_peek
                0x000000008780f1f0        0xc common/built-in.o
 .text.mapset   0x000000008780f1fc       0x20 common/built-in.o
 .text.syntax_err
                0x000000008780f21c        0xc common/built-in.o
 .text.free_pipe_list
                0x000000008780f228       0xe4 common/built-in.o
 .text.xmalloc  0x000000008780f30c       0x20 common/built-in.o
 .text.new_pipe
                0x000000008780f32c       0x28 common/built-in.o
 .text.xrealloc
                0x000000008780f354       0x20 common/built-in.o
 .text.done_command
                0x000000008780f374       0x88 common/built-in.o
 .text.done_pipe
                0x000000008780f3fc       0x48 common/built-in.o
 .text.done_word
                0x000000008780f444      0x2cc common/built-in.o
 .text.is_assignment
                0x000000008780f710       0x5c common/built-in.o
 .text.file_get
                0x000000008780f76c      0x1ec common/built-in.o
 .text.do_showvar
                0x000000008780f958      0x100 common/built-in.o
 .text.b_addchr
                0x000000008780fa58       0x80 common/built-in.o
 .text.b_addqchr
                0x000000008780fad8       0x50 common/built-in.o
 .text.file_peek
                0x000000008780fb28        0xc common/built-in.o
 .text.get_local_var
                0x000000008780fb34       0x94 common/built-in.o
                0x000000008780fb34                get_local_var
 .text.set_local_var
                0x000000008780fbc8      0x1a8 common/built-in.o
                0x000000008780fbc8                set_local_var
 .text.insert_var_value_sub
                0x000000008780fd70      0x2b8 common/built-in.o
 .text.parse_string_outer
                0x0000000087810028       0xe8 common/built-in.o
                0x0000000087810028                parse_string_outer
 .text.run_list_real
                0x0000000087810110      0x7b0 common/built-in.o
 .text.parse_stream_outer
                0x00000000878108c0      0x6c0 common/built-in.o
 .text.parse_file_outer
                0x0000000087810f80       0x44 common/built-in.o
                0x0000000087810f80                parse_file_outer
 .text.u_boot_hush_start
                0x0000000087810fc4       0x54 common/built-in.o
                0x0000000087810fc4                u_boot_hush_start
 .text.bootdelay_process
                0x0000000087811018       0xd0 common/built-in.o
                0x0000000087811018                bootdelay_process
 .text.autoboot_command
                0x00000000878110e8       0xd4 common/built-in.o
                0x00000000878110e8                autoboot_command
 .text.display_text_info
                0x00000000878111bc        0x8 common/built-in.o
 .text.setup_mon_len
                0x00000000878111c4       0x20 common/built-in.o
 .text.reserve_round_4k
                0x00000000878111e4       0x18 common/built-in.o
 .text.reserve_mmu
                0x00000000878111fc       0x38 common/built-in.o
 .text.reserve_uboot
                0x0000000087811234       0x30 common/built-in.o
 .text.reserve_malloc
                0x0000000087811264       0x18 common/built-in.o
 .text.reserve_global_data
                0x000000008781127c       0x1c common/built-in.o
 .text.reserve_fdt
                0x0000000087811298       0x4c common/built-in.o
 .text.arch_cpu_init_dm
                0x00000000878112e4        0x8 common/built-in.o
                0x00000000878112e4                arch_cpu_init_dm
 .text.announce_dram_init
                0x00000000878112ec       0x18 common/built-in.o
 .text.init_func_i2c
                0x0000000087811304       0x28 common/built-in.o
 .text.init_baud_rate
                0x000000008781132c       0x2c common/built-in.o
 .text.mark_bootstage
                0x0000000087811358       0x14 common/built-in.o
 .text.initf_dm
                0x000000008781136c        0x8 common/built-in.o
 .text.setup_reloc
                0x0000000087811374       0x40 common/built-in.o
 .text.reloc_fdt
                0x00000000878113b4       0x44 common/built-in.o
 .text.reserve_board
                0x00000000878113f8       0x40 common/built-in.o
 .text.reserve_arch
                0x0000000087811438        0x8 common/built-in.o
                0x0000000087811438                reserve_arch
 .text.reserve_trace
                0x0000000087811440        0x8 common/built-in.o
 .text.setup_machine
                0x0000000087811448        0x8 common/built-in.o
 .text.display_new_sp
                0x0000000087811450        0x8 common/built-in.o
 .text.initf_console_record
                0x0000000087811458        0x8 common/built-in.o
 .text.coloured_LED_init
                0x0000000087811460        0x4 common/built-in.o
                0x0000000087811460                coloured_LED_init
 .text.red_led_on
                0x0000000087811464        0x4 common/built-in.o
                0x0000000087811464                red_led_on
 .text.board_add_ram_info
                0x0000000087811468        0x4 common/built-in.o
                0x0000000087811468                board_add_ram_info
 .text.show_dram_config
                0x000000008781146c       0x38 common/built-in.o
 .text.dram_init_banksize
                0x00000000878114a4       0x20 common/built-in.o
                0x00000000878114a4                dram_init_banksize
 .text.setup_dram_config
                0x00000000878114c4       0x10 common/built-in.o
 .text.board_get_usable_ram_top
                0x00000000878114d4       0x14 common/built-in.o
                0x00000000878114d4                board_get_usable_ram_top
 .text.board_reserve_ram_top
                0x00000000878114e8        0x4 common/built-in.o
                0x00000000878114e8                board_reserve_ram_top
 .text.setup_dest_addr
                0x00000000878114ec       0x4c common/built-in.o
 .text.reserve_stacks
                0x0000000087811538       0x1c common/built-in.o
 .text.board_init_f
                0x0000000087811554       0x30 common/built-in.o
                0x0000000087811554                board_init_f
 .text.bootstage_relocate
                0x0000000087811584        0x8 common/built-in.o
 .text.initr_trace
                0x000000008781158c        0x8 common/built-in.o
 .text.initr_reloc
                0x0000000087811594       0x18 common/built-in.o
 .text.initr_reloc_global_data
                0x00000000878115ac       0x28 common/built-in.o
 .text.run_main_loop
                0x00000000878115d4        0xc common/built-in.o
 .text.initr_net
                0x00000000878115e0       0x1c common/built-in.o
 .text.initr_ethaddr
                0x00000000878115fc       0x20 common/built-in.o
 .text.initr_enable_interrupts
                0x000000008781161c       0x10 common/built-in.o
 .text.initr_jumptable
                0x000000008781162c       0x10 common/built-in.o
 .text.initr_env
                0x000000008781163c       0x30 common/built-in.o
 .text.initr_mmc
                0x000000008781166c       0x20 common/built-in.o
 .text.initr_serial
                0x000000008781168c       0x10 common/built-in.o
 .text.initr_bootstage
                0x000000008781169c       0x14 common/built-in.o
 .text.initr_dm
                0x00000000878116b0       0x14 common/built-in.o
 .text.initr_malloc
                0x00000000878116c4       0x24 common/built-in.o
 .text.initr_caches
                0x00000000878116e8       0x10 common/built-in.o
 .text.initr_announce
                0x00000000878116f8        0x8 common/built-in.o
 .text.initr_barrier
                0x0000000087811700        0x8 common/built-in.o
 .text.initr_console_record
                0x0000000087811708        0x8 common/built-in.o
 .text.cpu_secondary_init_r
                0x0000000087811710        0x4 common/built-in.o
                0x0000000087811710                cpu_secondary_init_r
 .text.initr_secondary_cpu
                0x0000000087811714       0x10 common/built-in.o
 .text.board_init_r
                0x0000000087811724       0x14 common/built-in.o
                0x0000000087811724                board_init_r
 .text.show_board_info
                0x0000000087811738        0x4 common/built-in.o
                0x0000000087811738                show_board_info
 .text.bootm_find_images
                0x000000008781173c       0xa8 common/built-in.o
                0x000000008781173c                bootm_find_images
 .text.bootm_decomp_image
                0x00000000878117e4      0x140 common/built-in.o
                0x00000000878117e4                bootm_decomp_image
 .text.bootm_disable_interrupts
                0x0000000087811924       0x18 common/built-in.o
                0x0000000087811924                bootm_disable_interrupts
 .text.do_bootm_states
                0x000000008781193c      0x720 common/built-in.o
                0x000000008781193c                do_bootm_states
 .text.copy_args
                0x000000008781205c       0x4c common/built-in.o
 .text.do_bootm_rtems
                0x00000000878120a8       0x40 common/built-in.o
 .text.do_bootm_plan9
                0x00000000878120e8       0xa4 common/built-in.o
 .text.do_bootm_standalone
                0x000000008781218c       0x64 common/built-in.o
 .text.do_bootm_qnxelf
                0x00000000878121f0       0x5c common/built-in.o
 .text.do_bootm_netbsd
                0x000000008781224c       0xf8 common/built-in.o
 .text.do_bootvx_fdt
                0x0000000087812344      0x114 common/built-in.o
                0x0000000087812344                do_bootvx_fdt
 .text.do_bootm_vxworks
                0x0000000087812458       0x24 common/built-in.o
 .text.boot_selected_os
                0x000000008781247c       0x58 common/built-in.o
                0x000000008781247c                boot_selected_os
 .text.bootm_os_get_boot_func
                0x00000000878124d4       0x10 common/built-in.o
                0x00000000878124d4                bootm_os_get_boot_func
 .text.regex_callback
                0x00000000878124e4      0x130 common/built-in.o
 .text.env_attr_walk
                0x0000000087812614      0x120 common/built-in.o
                0x0000000087812614                env_attr_walk
 .text.env_attr_lookup
                0x0000000087812734       0x84 common/built-in.o
                0x0000000087812734                env_attr_lookup
 .text.clear_callback
                0x00000000878127b8       0x10 common/built-in.o
 .text.find_env_callback
                0x00000000878127c8       0x5c common/built-in.o
 .text.on_callbacks
                0x0000000087812824       0x50 common/built-in.o
 .text.set_callback
                0x0000000087812874       0x9c common/built-in.o
 .text.env_callback_init
                0x0000000087812910       0xc4 common/built-in.o
                0x0000000087812910                env_callback_init
 .text.skip_num
                0x00000000878129d4       0x6c common/built-in.o
 .text.clear_flags
                0x0000000087812a40       0x10 common/built-in.o
 .text.on_flags
                0x0000000087812a50       0x50 common/built-in.o
 .text.env_flags_parse_vartype
                0x0000000087812aa0       0x50 common/built-in.o
                0x0000000087812aa0                env_flags_parse_vartype
 .text.env_flags_parse_varaccess
                0x0000000087812af0       0x50 common/built-in.o
                0x0000000087812af0                env_flags_parse_varaccess
 .text.set_flags
                0x0000000087812b40       0xb0 common/built-in.o
 .text.eth_validate_ethaddr_str
                0x0000000087812bf0       0x94 common/built-in.o
                0x0000000087812bf0                eth_validate_ethaddr_str
 .text.env_flags_init
                0x0000000087812c84       0xd8 common/built-in.o
                0x0000000087812c84                env_flags_init
 .text.env_flags_validate
                0x0000000087812d5c      0x288 common/built-in.o
                0x0000000087812d5c                env_flags_validate
 .text.mmc_get_env_addr
                0x0000000087812fe4       0x10 common/built-in.o
                0x0000000087812fe4                mmc_get_env_addr
 .text.fini_mmc_for_env.isra.0
                0x0000000087812ff4       0x1c common/built-in.o
 .text.env_init
                0x0000000087813010       0x1c common/built-in.o
                0x0000000087813010                env_init
 .text.init_mmc_for_env
                0x000000008781302c       0x78 common/built-in.o
 .text.saveenv  0x00000000878130a4      0x110 common/built-in.o
                0x00000000878130a4                saveenv
 .text.env_relocate_spec
                0x00000000878131b4       0xd8 common/built-in.o
                0x00000000878131b4                env_relocate_spec
 .text.fdt_find_and_setprop
                0x000000008781328c       0x70 common/built-in.o
                0x000000008781328c                fdt_find_and_setprop
 .text.fdt_find_or_add_subnode
                0x00000000878132fc       0x60 common/built-in.o
                0x00000000878132fc                fdt_find_or_add_subnode
 .text.fdt_root
                0x000000008781335c       0x90 common/built-in.o
                0x000000008781335c                fdt_root
 .text.fdt_initrd
                0x00000000878133ec      0x1d0 common/built-in.o
                0x00000000878133ec                fdt_initrd
 .text.fdt_chosen
                0x00000000878135bc       0xa8 common/built-in.o
                0x00000000878135bc                fdt_chosen
 .text.do_fixup_by_path
                0x0000000087813664       0x54 common/built-in.o
                0x0000000087813664                do_fixup_by_path
 .text.fdt_fixup_memory_banks
                0x00000000878136b8      0x1d8 common/built-in.o
                0x00000000878136b8                fdt_fixup_memory_banks
 .text.fdt_fixup_memory
                0x0000000087813890       0x20 common/built-in.o
                0x0000000087813890                fdt_fixup_memory
 .text.fdt_fixup_ethernet
                0x00000000878138b0      0x18c common/built-in.o
                0x00000000878138b0                fdt_fixup_ethernet
 .text.fdt_shrink_to_minimum
                0x0000000087813a3c       0xcc common/built-in.o
                0x0000000087813a3c                fdt_shrink_to_minimum
 .text.miiphy_get_dev_by_name
                0x0000000087813b08       0x58 common/built-in.o
                0x0000000087813b08                miiphy_get_dev_by_name
 .text.miiphy_init
                0x0000000087813b60       0x24 common/built-in.o
                0x0000000087813b60                miiphy_init
 .text.mdio_alloc
                0x0000000087813b84       0x30 common/built-in.o
                0x0000000087813b84                mdio_alloc
 .text.mdio_register
                0x0000000087813bb4       0x88 common/built-in.o
                0x0000000087813bb4                mdio_register
 .text.mdio_unregister
                0x0000000087813c3c       0x3c common/built-in.o
                0x0000000087813c3c                mdio_unregister
 .text.mdio_list_devices
                0x0000000087813c78       0xac common/built-in.o
                0x0000000087813c78                mdio_list_devices
 .text.miiphy_set_current_dev
                0x0000000087813d24       0x40 common/built-in.o
                0x0000000087813d24                miiphy_set_current_dev
 .text.miiphy_get_active_dev
                0x0000000087813d64       0x54 common/built-in.o
 .text.mdio_get_current_dev
                0x0000000087813db8       0x10 common/built-in.o
                0x0000000087813db8                mdio_get_current_dev
 .text.mdio_phydev_for_ethname
                0x0000000087813dc8       0x88 common/built-in.o
                0x0000000087813dc8                mdio_phydev_for_ethname
 .text.miiphy_get_current_dev
                0x0000000087813e50       0x18 common/built-in.o
                0x0000000087813e50                miiphy_get_current_dev
 .text.miiphy_read
                0x0000000087813e68       0x4c common/built-in.o
                0x0000000087813e68                miiphy_read
 .text.miiphy_write
                0x0000000087813eb4       0x40 common/built-in.o
                0x0000000087813eb4                miiphy_write
 .text.miiphy_listdev
                0x0000000087813ef4       0x78 common/built-in.o
                0x0000000087813ef4                miiphy_listdev
 .text.miiphy_info
                0x0000000087813f6c       0x88 common/built-in.o
                0x0000000087813f6c                miiphy_info
 .text.miiphy_speed
                0x0000000087813ff4       0x90 common/built-in.o
                0x0000000087813ff4                miiphy_speed
 .text.miiphy_duplex
                0x0000000087814084       0x90 common/built-in.o
                0x0000000087814084                miiphy_duplex
 .text.miiphy_is_1000base_x
                0x0000000087814114        0x8 common/built-in.o
                0x0000000087814114                miiphy_is_1000base_x
 .text.usb_set_maxpacket_ep
                0x000000008781411c       0x78 common/built-in.o
 .text.usb_stop
                0x0000000087814194       0x80 common/built-in.o
                0x0000000087814194                usb_stop
 .text.usb_disable_asynch
                0x0000000087814214       0x20 common/built-in.o
                0x0000000087814214                usb_disable_asynch
 .text.usb_control_msg
                0x0000000087814234       0xbc common/built-in.o
                0x0000000087814234                usb_control_msg
 .text.usb_get_descriptor
                0x00000000878142f0       0x58 common/built-in.o
 .text.get_descriptor_len
                0x0000000087814348       0x90 common/built-in.o
 .text.usb_get_string
                0x00000000878143d8       0x78 common/built-in.o
 .text.usb_string_sub
                0x0000000087814450      0x104 common/built-in.o
 .text.usb_bulk_msg
                0x0000000087814554       0x70 common/built-in.o
                0x0000000087814554                usb_bulk_msg
 .text.usb_maxpacket
                0x00000000878145c4       0x18 common/built-in.o
                0x00000000878145c4                usb_maxpacket
 .text.usb_clear_halt
                0x00000000878145dc       0x90 common/built-in.o
                0x00000000878145dc                usb_clear_halt
 .text.usb_get_configuration_len
                0x000000008781466c       0x74 common/built-in.o
                0x000000008781466c                usb_get_configuration_len
 .text.usb_get_configuration_no
                0x00000000878146e0       0x34 common/built-in.o
                0x00000000878146e0                usb_get_configuration_no
 .text.usb_set_interface
                0x0000000087814714       0xb4 common/built-in.o
                0x0000000087814714                usb_set_interface
 .text.usb_string
                0x00000000878147c8      0x104 common/built-in.o
                0x00000000878147c8                usb_string
 .text.usb_get_dev_index
                0x00000000878148cc       0x24 common/built-in.o
                0x00000000878148cc                usb_get_dev_index
 .text.usb_alloc_new_device
                0x00000000878148f0       0x8c common/built-in.o
                0x00000000878148f0                usb_alloc_new_device
 .text.usb_free_device
                0x000000008781497c       0x48 common/built-in.o
                0x000000008781497c                usb_free_device
 .text.usb_alloc_device
                0x00000000878149c4        0x8 common/built-in.o
                0x00000000878149c4                usb_alloc_device
 .text.usb_select_config
                0x00000000878149cc      0x450 common/built-in.o
                0x00000000878149cc                usb_select_config
 .text.usb_setup_device
                0x0000000087814e1c      0x198 common/built-in.o
                0x0000000087814e1c                usb_setup_device
 .text.usb_new_device
                0x0000000087814fb4       0x30 common/built-in.o
                0x0000000087814fb4                usb_new_device
 .text.usb_init
                0x0000000087814fe4      0x174 common/built-in.o
                0x0000000087814fe4                usb_init
 .text.usb_device_has_child_on_port
                0x0000000087815158       0x14 common/built-in.o
                0x0000000087815158                usb_device_has_child_on_port
 .text.usb_find_usb2_hub_address_port
                0x000000008781516c       0x5c common/built-in.o
                0x000000008781516c                usb_find_usb2_hub_address_port
 .text.usb_set_port_feature
                0x00000000878151c8       0x4c common/built-in.o
 .text.usb_clear_port_feature
                0x0000000087815214       0x4c common/built-in.o
 .text.usb_get_hub_descriptor
                0x0000000087815260       0x4c common/built-in.o
 .text.usb_hub_power_on
                0x00000000878152ac       0x6c common/built-in.o
 .text.usb_hub_reset_devices
                0x0000000087815318        0x4 common/built-in.o
                0x0000000087815318                usb_hub_reset_devices
 .text.usb_get_port_status
                0x000000008781531c       0x4c common/built-in.o
                0x000000008781531c                usb_get_port_status
 .text.usb_hub_reset
                0x0000000087815368       0x14 common/built-in.o
                0x0000000087815368                usb_hub_reset
 .text.legacy_hub_port_reset
                0x000000008781537c       0xa0 common/built-in.o
                0x000000008781537c                legacy_hub_port_reset
 .text.usb_hub_port_connect_change
                0x000000008781541c      0x160 common/built-in.o
                0x000000008781541c                usb_hub_port_connect_change
 .text.usb_hub_configure
                0x000000008781557c      0x2cc common/built-in.o
 .text.usb_hub_probe
                0x0000000087815848       0x54 common/built-in.o
                0x0000000087815848                usb_hub_probe
 .text.usb_stor_irq
                0x000000008781589c       0x1c common/built-in.o
 .text.usb_stor_BBB_reset
                0x00000000878158b8       0xd8 common/built-in.o
 .text.usb_stor_CB_reset
                0x0000000087815990       0xd0 common/built-in.o
 .text.usb_stor_BBB_clear_endpt_stall.isra.0
                0x0000000087815a60       0x40 common/built-in.o
 .text.usb_stor_BBB_transport
                0x0000000087815aa0      0x264 common/built-in.o
 .text.usb_stor_CB_comdat
                0x0000000087815d04      0x210 common/built-in.o
 .text.usb_stor_CBI_get_status.isra.2
                0x0000000087815f14       0xcc common/built-in.o
 .text.usb_stor_CB_transport
                0x0000000087815fe0      0x1fc common/built-in.o
 .text.usb_request_sense.constprop.8
                0x00000000878161dc       0x70 common/built-in.o
 .text.usb_stor_read
                0x000000008781624c      0x168 common/built-in.o
 .text.usb_stor_write
                0x00000000878163b4      0x168 common/built-in.o
 .text.usb_stor_get_dev
                0x000000008781651c       0x28 common/built-in.o
                0x000000008781651c                usb_stor_get_dev
 .text.usb_stor_info
                0x0000000087816544       0x78 common/built-in.o
                0x0000000087816544                usb_stor_info
 .text.usb_storage_probe
                0x00000000878165bc      0x204 common/built-in.o
                0x00000000878165bc                usb_storage_probe
 .text.usb_stor_get_info
                0x00000000878167c0      0x320 common/built-in.o
                0x00000000878167c0                usb_stor_get_info
 .text.usb_stor_scan
                0x0000000087816ae0      0x1e0 common/built-in.o
                0x0000000087816ae0                usb_stor_scan
 .text.splash_get_pos
                0x0000000087816cc0       0x88 common/built-in.o
                0x0000000087816cc0                splash_get_pos
 .text.env_get_char_spec
                0x0000000087816d48        0xc common/built-in.o
                0x0000000087816d48                env_get_char_spec
 .text.env_get_addr
                0x0000000087816d54       0x20 common/built-in.o
                0x0000000087816d54                env_get_addr
 .text.env_get_char_memory
                0x0000000087816d74       0x10 common/built-in.o
                0x0000000087816d74                env_get_char_memory
 .text.env_get_char
                0x0000000087816d84       0x30 common/built-in.o
                0x0000000087816d84                env_get_char
 .text.getenv_yesno
                0x0000000087816db4       0x3c common/built-in.o
                0x0000000087816db4                getenv_yesno
 .text.getenv_default
                0x0000000087816df0       0x30 common/built-in.o
                0x0000000087816df0                getenv_default
 .text.set_default_env
                0x0000000087816e20       0xc0 common/built-in.o
                0x0000000087816e20                set_default_env
 .text.set_default_vars
                0x0000000087816ee0       0x3c common/built-in.o
                0x0000000087816ee0                set_default_vars
 .text.env_import
                0x0000000087816f1c       0xdc common/built-in.o
                0x0000000087816f1c                env_import
 .text.env_export
                0x0000000087816ff8       0xa0 common/built-in.o
                0x0000000087816ff8                env_export
 .text.env_relocate
                0x0000000087817098       0x2c common/built-in.o
                0x0000000087817098                env_relocate
 .text.env_complete
                0x00000000878170c4       0xdc common/built-in.o
                0x00000000878170c4                env_complete
 .text.console_setfile
                0x00000000878171a0       0xb8 common/built-in.o
 .text.serial_printf
                0x0000000087817258       0x44 common/built-in.o
                0x0000000087817258                serial_printf
 .text.fgetc    0x000000008781729c       0x24 common/built-in.o
                0x000000008781729c                fgetc
 .text.getc     0x00000000878172c0       0x24 common/built-in.o
                0x00000000878172c0                getc
 .text.ftstc    0x00000000878172e4       0x24 common/built-in.o
                0x00000000878172e4                ftstc
 .text.tstc     0x0000000087817308       0x24 common/built-in.o
                0x0000000087817308                tstc
 .text.fputc    0x000000008781732c       0x1c common/built-in.o
                0x000000008781732c                fputc
 .text.putc     0x0000000087817348       0x28 common/built-in.o
                0x0000000087817348                putc
 .text.fputs    0x0000000087817370       0x1c common/built-in.o
                0x0000000087817370                fputs
 .text.puts     0x000000008781738c       0x28 common/built-in.o
                0x000000008781738c                puts
 .text.ctrlc    0x00000000878173b4       0x58 common/built-in.o
                0x00000000878173b4                ctrlc
 .text.confirm_yesno
                0x000000008781740c       0xcc common/built-in.o
                0x000000008781740c                confirm_yesno
 .text.had_ctrlc
                0x00000000878174d8       0x10 common/built-in.o
                0x00000000878174d8                had_ctrlc
 .text.clear_ctrlc
                0x00000000878174e8       0x14 common/built-in.o
                0x00000000878174e8                clear_ctrlc
 .text.search_device
                0x00000000878174fc       0x28 common/built-in.o
                0x00000000878174fc                search_device
 .text.console_assign
                0x0000000087817524       0x40 common/built-in.o
                0x0000000087817524                console_assign
 .text.on_console
                0x0000000087817564       0xb8 common/built-in.o
 .text.console_init_f
                0x000000008781761c       0x10 common/built-in.o
                0x000000008781761c                console_init_f
 .text.stdio_print_current_devices
                0x000000008781762c       0xb0 common/built-in.o
                0x000000008781762c                stdio_print_current_devices
 .text.console_init_r
                0x00000000878176dc      0x17c common/built-in.o
                0x00000000878176dc                console_init_r
 .text.sbrk     0x0000000087817858       0x6c common/built-in.o
                0x0000000087817858                sbrk
 .text.mem_malloc_init
                0x00000000878178c4       0x34 common/built-in.o
                0x00000000878178c4                mem_malloc_init
 .text.malloc_trim
                0x00000000878178f8       0xd0 common/built-in.o
                0x00000000878178f8                malloc_trim
 .text.free     0x00000000878179c8      0x240 common/built-in.o
                0x00000000878179c8                free
 .text.malloc   0x0000000087817c08      0x614 common/built-in.o
                0x0000000087817c08                malloc
 .text.calloc   0x000000008781821c      0x140 common/built-in.o
                0x000000008781821c                calloc
 .text.realloc  0x000000008781835c      0x41c common/built-in.o
                0x000000008781835c                realloc
 .text.memalign
                0x0000000087818778      0x138 common/built-in.o
                0x0000000087818778                memalign
 .text.initf_malloc
                0x00000000878188b0       0x18 common/built-in.o
                0x00000000878188b0                initf_malloc
 .text.malloc_simple
                0x00000000878188c8       0x30 common/built-in.o
                0x00000000878188c8                malloc_simple
 .text.on_loadaddr
                0x00000000878188f8       0x40 common/built-in.o
 .text.image_check_hcrc
                0x0000000087818938       0x4c common/built-in.o
                0x0000000087818938                image_check_hcrc
 .text.image_check_dcrc
                0x0000000087818984       0x38 common/built-in.o
                0x0000000087818984                image_check_dcrc
 .text.image_multi_count
                0x00000000878189bc       0x1c common/built-in.o
                0x00000000878189bc                image_multi_count
 .text.image_multi_getimg
                0x00000000878189d8       0x80 common/built-in.o
                0x00000000878189d8                image_multi_getimg
 .text.getenv_bootm_low
                0x0000000087818a58       0x30 common/built-in.o
                0x0000000087818a58                getenv_bootm_low
 .text.getenv_bootm_size
                0x0000000087818a88       0x68 common/built-in.o
                0x0000000087818a88                getenv_bootm_size
 .text.getenv_bootm_mapsize
                0x0000000087818af0       0x30 common/built-in.o
                0x0000000087818af0                getenv_bootm_mapsize
 .text.memmove_wd
                0x0000000087818b20        0xc common/built-in.o
                0x0000000087818b20                memmove_wd
 .text.genimg_print_size
                0x0000000087818b2c       0x30 common/built-in.o
                0x0000000087818b2c                genimg_print_size
 .text.get_table_entry
                0x0000000087818b5c       0x24 common/built-in.o
                0x0000000087818b5c                get_table_entry
 .text.get_table_entry_name
                0x0000000087818b80       0x20 common/built-in.o
                0x0000000087818b80                get_table_entry_name
 .text.genimg_get_os_name
                0x0000000087818ba0       0x18 common/built-in.o
                0x0000000087818ba0                genimg_get_os_name
 .text.genimg_get_arch_name
                0x0000000087818bb8       0x18 common/built-in.o
                0x0000000087818bb8                genimg_get_arch_name
 .text.genimg_get_type_name
                0x0000000087818bd0       0x18 common/built-in.o
                0x0000000087818bd0                genimg_get_type_name
 .text.genimg_get_comp_name
                0x0000000087818be8       0x18 common/built-in.o
                0x0000000087818be8                genimg_get_comp_name
 .text.image_print_contents
                0x0000000087818c00      0x17c common/built-in.o
                0x0000000087818c00                image_print_contents
 .text.genimg_get_kernel_addr_fit
                0x0000000087818d7c       0x24 common/built-in.o
                0x0000000087818d7c                genimg_get_kernel_addr_fit
 .text.genimg_get_format
                0x0000000087818da0       0x34 common/built-in.o
                0x0000000087818da0                genimg_get_format
 .text.genimg_get_image
                0x0000000087818dd4        0x4 common/built-in.o
                0x0000000087818dd4                genimg_get_image
 .text.genimg_has_config
                0x0000000087818dd8        0x8 common/built-in.o
                0x0000000087818dd8                genimg_has_config
 .text.boot_get_ramdisk
                0x0000000087818de0      0x270 common/built-in.o
                0x0000000087818de0                boot_get_ramdisk
 .text.boot_ramdisk_high
                0x0000000087819050      0x130 common/built-in.o
                0x0000000087819050                boot_ramdisk_high
 .text.boot_get_setup
                0x0000000087819180        0x8 common/built-in.o
                0x0000000087819180                boot_get_setup
 .text.image_setup_linux
                0x0000000087819188       0x88 common/built-in.o
                0x0000000087819188                image_setup_linux
 .text.fdt_error
                0x0000000087819210       0x2c common/built-in.o
 .text.boot_fdt_add_mem_rsv_regions
                0x000000008781923c       0x8c common/built-in.o
                0x000000008781923c                boot_fdt_add_mem_rsv_regions
 .text.boot_relocate_fdt
                0x00000000878192c8      0x194 common/built-in.o
                0x00000000878192c8                boot_relocate_fdt
 .text.boot_get_fdt
                0x000000008781945c      0x28c common/built-in.o
                0x000000008781945c                boot_get_fdt
 .text.ft_verify_fdt
                0x00000000878196e8        0x8 common/built-in.o
                0x00000000878196e8                ft_verify_fdt
 .text.image_setup_libfdt
                0x00000000878196f0       0xfc common/built-in.o
                0x00000000878196f0                image_setup_libfdt
 .text.get_effective_memsize
                0x00000000878197ec        0x8 common/built-in.o
                0x00000000878197ec                get_effective_memsize
 .text.nulldev_putc
                0x00000000878197f4        0x4 common/built-in.o
 .text.nulldev_puts
                0x00000000878197f8        0x4 common/built-in.o
 .text.nulldev_input
                0x00000000878197fc        0x8 common/built-in.o
 .text.stdio_serial_tstc
                0x0000000087819804        0x4 common/built-in.o
 .text.stdio_serial_getc
                0x0000000087819808        0x4 common/built-in.o
 .text.stdio_serial_puts
                0x000000008781980c        0x8 common/built-in.o
 .text.stdio_serial_putc
                0x0000000087819814        0x8 common/built-in.o
 .text.stdio_get_list
                0x000000008781981c        0xc common/built-in.o
                0x000000008781981c                stdio_get_list
 .text.stdio_get_by_name
                0x0000000087819828       0x4c common/built-in.o
                0x0000000087819828                stdio_get_by_name
 .text.stdio_clone
                0x0000000087819874       0x38 common/built-in.o
                0x0000000087819874                stdio_clone
 .text.stdio_register_dev
                0x00000000878198ac       0x50 common/built-in.o
                0x00000000878198ac                stdio_register_dev
 .text.stdio_register
                0x00000000878198fc        0x8 common/built-in.o
                0x00000000878198fc                stdio_register
 .text.stdio_init_tables
                0x0000000087819904       0x1c common/built-in.o
                0x0000000087819904                stdio_init_tables
 .text.stdio_add_devices
                0x0000000087819920       0xd4 common/built-in.o
                0x0000000087819920                stdio_add_devices
 .text.run_command
                0x00000000878199f4       0x10 common/built-in.o
                0x00000000878199f4                run_command
 .text.run_command_list
                0x0000000087819a04       0x7c common/built-in.o
                0x0000000087819a04                run_command_list
 .text.do_run   0x0000000087819a80       0x74 common/built-in.o
                0x0000000087819a80                do_run
 .text.cli_loop
                0x0000000087819af4        0xc common/built-in.o
                0x0000000087819af4                cli_loop
 .text.cli_init
                0x0000000087819b00        0x4 common/built-in.o
                0x0000000087819b00                cli_init
 .text.delete_char.part.0
                0x0000000087819b04       0xd0 common/built-in.o
 .text.cread_add_char
                0x0000000087819bd4       0xe4 common/built-in.o
 .text.cli_readline_into_buffer
                0x0000000087819cb8      0x98c common/built-in.o
                0x0000000087819cb8                cli_readline_into_buffer
 .text.cli_readline
                0x000000008781a644       0x14 common/built-in.o
                0x000000008781a644                cli_readline
 .text.find_cmd_tbl
                0x000000008781a658       0xa4 common/built-in.o
                0x000000008781a658                find_cmd_tbl
 .text.find_cmd
                0x000000008781a6fc       0x28 common/built-in.o
                0x000000008781a6fc                find_cmd
 .text.cmd_usage
                0x000000008781a724       0x5c common/built-in.o
                0x000000008781a724                cmd_usage
 .text._do_help
                0x000000008781a780      0x184 common/built-in.o
                0x000000008781a780                _do_help
 .text.var_complete
                0x000000008781a904       0x88 common/built-in.o
                0x000000008781a904                var_complete
 .text.cmd_auto_complete
                0x000000008781a98c      0x4c4 common/built-in.o
                0x000000008781a98c                cmd_auto_complete
 .text.cmd_get_data_size
                0x000000008781ae50       0x50 common/built-in.o
                0x000000008781ae50                cmd_get_data_size
 .text.cmd_process
                0x000000008781aea0       0xec common/built-in.o
                0x000000008781aea0                cmd_process
 .text.cmd_process_error
                0x000000008781af8c       0x30 common/built-in.o
                0x000000008781af8c                cmd_process_error
 .text.hex1_bin
                0x000000008781afbc       0x40 common/built-in.o
 .text.hex2_bin
                0x000000008781affc       0x38 common/built-in.o
 .text.srec_decode
                0x000000008781b034      0x244 common/built-in.o
                0x000000008781b034                srec_decode
 .text.CYGACC_COMM_IF_GETC_TIMEOUT.isra.0
                0x000000008781b278       0x5c common/built-in.o
 .text.xyzModem_flush
                0x000000008781b2d4       0x1c common/built-in.o
 .text.xyzModem_get_hdr
                0x000000008781b2f0      0x218 common/built-in.o
 .text.xyzModem_stream_open
                0x000000008781b508      0x214 common/built-in.o
                0x000000008781b508                xyzModem_stream_open
 .text.xyzModem_stream_read
                0x000000008781b71c      0x25c common/built-in.o
                0x000000008781b71c                xyzModem_stream_read
 .text.xyzModem_stream_close
                0x000000008781b978       0x54 common/built-in.o
                0x000000008781b978                xyzModem_stream_close
 .text.xyzModem_stream_terminate
                0x000000008781b9cc       0x94 common/built-in.o
                0x000000008781b9cc                xyzModem_stream_terminate
 .text.xyzModem_error
                0x000000008781ba60       0x1c common/built-in.o
                0x000000008781ba60                xyzModem_error
 .text.get_dev_hwpart.part.0
                0x000000008781ba7c       0x98 disk/built-in.o
 .text.dev_print
                0x000000008781bb14      0x214 disk/built-in.o
                0x000000008781bb14                dev_print
 .text.init_part
                0x000000008781bd28       0x20 disk/built-in.o
                0x000000008781bd28                init_part
 .text.print_part
                0x000000008781bd48       0xf4 disk/built-in.o
                0x000000008781bd48                print_part
 .text.get_partition_info
                0x000000008781be3c       0x2c disk/built-in.o
                0x000000008781be3c                get_partition_info
 .text.get_device
                0x000000008781be68      0x138 disk/built-in.o
                0x000000008781be68                get_device
 .text.get_device_and_partition
                0x000000008781bfa0      0x3ec disk/built-in.o
                0x000000008781bfa0                get_device_and_partition
 .text.test_block_type
                0x000000008781c38c       0x84 disk/built-in.o
 .text.print_partition_extended
                0x000000008781c410      0x274 disk/built-in.o
 .text.get_partition_info_extended.constprop.1
                0x000000008781c684      0x2e4 disk/built-in.o
 .text.test_part_dos
                0x000000008781c968       0x60 disk/built-in.o
                0x000000008781c968                test_part_dos
 .text.print_part_dos
                0x000000008781c9c8       0x34 disk/built-in.o
                0x000000008781c9c8                print_part_dos
 .text.get_partition_info_dos
                0x000000008781c9fc       0x20 disk/built-in.o
                0x000000008781c9fc                get_partition_info_dos
 .text.alloc_priv
                0x000000008781ca1c       0x44 drivers/built-in.o
 .text.device_bind
                0x000000008781ca60      0x304 drivers/built-in.o
                0x000000008781ca60                device_bind
 .text.device_bind_by_name
                0x000000008781cd64       0x60 drivers/built-in.o
                0x000000008781cd64                device_bind_by_name
 .text.device_probe
                0x000000008781cdc4      0x21c drivers/built-in.o
                0x000000008781cdc4                device_probe
 .text.dev_get_platdata
                0x000000008781cfe0       0x30 drivers/built-in.o
                0x000000008781cfe0                dev_get_platdata
 .text.dev_get_priv
                0x000000008781d010       0x30 drivers/built-in.o
                0x000000008781d010                dev_get_priv
 .text.lists_driver_lookup_name
                0x000000008781d040       0x48 drivers/built-in.o
                0x000000008781d040                lists_driver_lookup_name
 .text.lists_uclass_lookup
                0x000000008781d088       0x38 drivers/built-in.o
                0x000000008781d088                lists_uclass_lookup
 .text.lists_bind_drivers
                0x000000008781d0c0       0x8c drivers/built-in.o
                0x000000008781d0c0                lists_bind_drivers
 .text.dm_root  0x000000008781d14c       0x2c drivers/built-in.o
                0x000000008781d14c                dm_root
 .text.dm_init  0x000000008781d178       0x58 drivers/built-in.o
                0x000000008781d178                dm_init
 .text.dm_scan_platdata
                0x000000008781d1d0       0x2c drivers/built-in.o
                0x000000008781d1d0                dm_scan_platdata
 .text.dm_scan_other
                0x000000008781d1fc        0x8 drivers/built-in.o
                0x000000008781d1fc                dm_scan_other
 .text.dm_init_and_scan
                0x000000008781d204       0x30 drivers/built-in.o
                0x000000008781d204                dm_init_and_scan
 .text.uclass_find
                0x000000008781d234       0x4c drivers/built-in.o
                0x000000008781d234                uclass_find
 .text.uclass_get
                0x000000008781d280      0x118 drivers/built-in.o
                0x000000008781d280                uclass_get
 .text.uclass_find_device
                0x000000008781d398       0x74 drivers/built-in.o
                0x000000008781d398                uclass_find_device
 .text.uclass_find_device_by_seq
                0x000000008781d40c       0x7c drivers/built-in.o
                0x000000008781d40c                uclass_find_device_by_seq
 .text.uclass_get_device_tail
                0x000000008781d488       0x30 drivers/built-in.o
                0x000000008781d488                uclass_get_device_tail
 .text.uclass_get_device
                0x000000008781d4b8       0x30 drivers/built-in.o
                0x000000008781d4b8                uclass_get_device
 .text.uclass_bind_device
                0x000000008781d4e8       0x7c drivers/built-in.o
                0x000000008781d4e8                uclass_bind_device
 .text.uclass_unbind_device
                0x000000008781d564       0x4c drivers/built-in.o
                0x000000008781d564                uclass_unbind_device
 .text.uclass_resolve_seq
                0x000000008781d5b0       0xb4 drivers/built-in.o
                0x000000008781d5b0                uclass_resolve_seq
 .text.uclass_pre_probe_device
                0x000000008781d664       0x60 drivers/built-in.o
                0x000000008781d664                uclass_pre_probe_device
 .text.uclass_post_probe_device
                0x000000008781d6c4       0x20 drivers/built-in.o
                0x000000008781d6c4                uclass_post_probe_device
 .text.uclass_pre_remove_device
                0x000000008781d6e4       0x20 drivers/built-in.o
                0x000000008781d6e4                uclass_pre_remove_device
 .text.dm_warn  0x000000008781d704       0x28 drivers/built-in.o
                0x000000008781d704                dm_warn
 .text.device_free
                0x000000008781d72c       0x90 drivers/built-in.o
                0x000000008781d72c                device_free
 .text.device_remove
                0x000000008781d7bc      0x128 drivers/built-in.o
                0x000000008781d7bc                device_remove
 .text.show_devices
                0x000000008781d8e4      0x100 drivers/built-in.o
 .text.dm_dump_all
                0x000000008781d9e4       0x3c drivers/built-in.o
                0x000000008781d9e4                dm_dump_all
 .text.dm_dump_uclass
                0x000000008781da20       0xec drivers/built-in.o
                0x000000008781da20                dm_dump_uclass
 .text.finish_access
                0x000000008781db0c       0x2c drivers/built-in.o
 .text.setup_direct_access
                0x000000008781db38      0x11c drivers/built-in.o
 .text.prepare_access
                0x000000008781dc54       0xcc drivers/built-in.o
 .text.fuse_bank_physical
                0x000000008781dd20       0xcc drivers/built-in.o
                0x000000008781dd20                fuse_bank_physical
 .text.fuse_word_physical
                0x000000008781ddec       0x40 drivers/built-in.o
                0x000000008781ddec                fuse_word_physical
 .text.fuse_read
                0x000000008781de2c       0x80 drivers/built-in.o
                0x000000008781de2c                fuse_read
 .text.fuse_sense
                0x000000008781deac       0x94 drivers/built-in.o
                0x000000008781deac                fuse_sense
 .text.fuse_prog
                0x000000008781df40       0x88 drivers/built-in.o
                0x000000008781df40                fuse_prog
 .text.fuse_override
                0x000000008781dfc8       0x78 drivers/built-in.o
                0x000000008781dfc8                fuse_override
 .text.video_invertchar
                0x000000008781e040       0x78 drivers/built-in.o
 .text.draw_bitmap
                0x000000008781e0b8       0xdc drivers/built-in.o
 .text.console_cursor.part.0
                0x000000008781e194       0x28 drivers/built-in.o
 .text.console_newline.constprop.3
                0x000000008781e1bc       0xd0 drivers/built-in.o
 .text.board_cfb_skip
                0x000000008781e28c        0x8 drivers/built-in.o
                0x000000008781e28c                board_cfb_skip
 .text.console_cursor
                0x000000008781e294       0x98 drivers/built-in.o
                0x000000008781e294                console_cursor
 .text.video_putc
                0x000000008781e32c      0x504 drivers/built-in.o
 .text.video_puts
                0x000000008781e830       0x7c drivers/built-in.o
 .text.video_set_lut
                0x000000008781e8ac        0x4 drivers/built-in.o
                0x000000008781e8ac                video_set_lut
 .text.display_rle8_bitmap
                0x000000008781e8b0      0x384 drivers/built-in.o
 .text.video_display_bitmap
                0x000000008781ec34      0x968 drivers/built-in.o
                0x000000008781ec34                video_display_bitmap
 .text.video_clear
                0x000000008781f59c       0x54 drivers/built-in.o
                0x000000008781f59c                video_clear
 .text.drv_video_init
                0x000000008781f5f0      0x20c drivers/built-in.o
                0x000000008781f5f0                drv_video_init
 .text.mxsfb_system_setup
                0x000000008781f7fc        0x4 drivers/built-in.o
                0x000000008781f7fc                mxsfb_system_setup
 .text.mxs_lcd_panel_setup
                0x000000008781f800       0x78 drivers/built-in.o
                0x000000008781f800                mxs_lcd_panel_setup
 .text.lcdif_power_down
                0x000000008781f878       0x5c drivers/built-in.o
                0x000000008781f878                lcdif_power_down
 .text.video_hw_init
                0x000000008781f8d4      0x374 drivers/built-in.o
                0x000000008781f8d4                video_hw_init
 .text.video_get_param_len.constprop.1
                0x000000008781fc48       0x20 drivers/built-in.o
 .text.video_get_params
                0x000000008781fc68      0x4e8 drivers/built-in.o
                0x000000008781fc68                video_get_params
 .text.reset_cpu
                0x0000000087820150       0x48 drivers/built-in.o
                0x0000000087820150                reset_cpu
 .text.thermal_get_temp
                0x0000000087820198       0x20 drivers/built-in.o
                0x0000000087820198                thermal_get_temp
 .text.read_cpu_temperature
                0x00000000878201b8      0x148 drivers/built-in.o
 .text.imx_thermal_get_temp
                0x0000000087820300       0x74 drivers/built-in.o
                0x0000000087820300                imx_thermal_get_temp
 .text.imx_thermal_probe
                0x0000000087820374       0xc0 drivers/built-in.o
 .text.gpio_set_value
                0x0000000087820434       0x48 drivers/gpio/built-in.o
                0x0000000087820434                gpio_set_value
 .text.gpio_get_value
                0x000000008782047c       0x34 drivers/gpio/built-in.o
                0x000000008782047c                gpio_get_value
 .text.gpio_request
                0x00000000878204b0       0x10 drivers/gpio/built-in.o
                0x00000000878204b0                gpio_request
 .text.gpio_free
                0x00000000878204c0        0x8 drivers/gpio/built-in.o
                0x00000000878204c0                gpio_free
 .text.gpio_direction_input
                0x00000000878204c8       0x3c drivers/gpio/built-in.o
                0x00000000878204c8                gpio_direction_input
 .text.gpio_direction_output
                0x0000000087820504       0x50 drivers/gpio/built-in.o
                0x0000000087820504                gpio_direction_output
 .text.i2c_get_adapter
                0x0000000087820554       0x60 drivers/i2c/built-in.o
                0x0000000087820554                i2c_get_adapter
 .text.i2c_init_bus
                0x00000000878205b4       0x90 drivers/i2c/built-in.o
 .text.i2c_get_bus_num
                0x0000000087820644        0x8 drivers/i2c/built-in.o
                0x0000000087820644                i2c_get_bus_num
 .text.i2c_set_bus_num
                0x000000008782064c       0xb8 drivers/i2c/built-in.o
                0x000000008782064c                i2c_set_bus_num
 .text.i2c_init_all
                0x0000000087820704       0x14 drivers/i2c/built-in.o
                0x0000000087820704                i2c_init_all
 .text.i2c_probe
                0x0000000087820718       0x2c drivers/i2c/built-in.o
                0x0000000087820718                i2c_probe
 .text.i2c_read
                0x0000000087820744       0x4c drivers/i2c/built-in.o
                0x0000000087820744                i2c_read
 .text.i2c_write
                0x0000000087820790       0x4c drivers/i2c/built-in.o
                0x0000000087820790                i2c_write
 .text.i2c_set_bus_speed
                0x00000000878207dc       0x64 drivers/i2c/built-in.o
                0x00000000878207dc                i2c_set_bus_speed
 .text.i2c_get_bus_speed
                0x0000000087820840       0x14 drivers/i2c/built-in.o
                0x0000000087820840                i2c_get_bus_speed
 .text.i2c_init
                0x0000000087820854       0x14 drivers/i2c/built-in.o
                0x0000000087820854                i2c_init
 .text.wait_for_sr_state
                0x0000000087820868      0x100 drivers/i2c/built-in.o
 .text.tx_byte  0x0000000087820968       0x50 drivers/i2c/built-in.o
 .text.bus_i2c_set_bus_speed
                0x00000000878209b8       0xb4 drivers/i2c/built-in.o
 .text.mxc_i2c_set_bus_speed
                0x0000000087820a6c       0x18 drivers/i2c/built-in.o
 .text.i2c_imx_stop
                0x0000000087820a84       0x50 drivers/i2c/built-in.o
 .text.__i2c_force_reset_slave
                0x0000000087820ad4        0x4 drivers/i2c/built-in.o
                0x0000000087820ad4                __i2c_force_reset_slave
                0x0000000087820ad4                i2c_force_reset_slave
 .text.i2c_idle_bus
                0x0000000087820ad8       0x24 drivers/i2c/built-in.o
                0x0000000087820ad8                i2c_idle_bus
 .text.i2c_init_transfer
                0x0000000087820afc      0x210 drivers/i2c/built-in.o