Archive member included to satisfy reference by file (symbol)

/usr/lib/gcc-cross/arm-linux-gnueabihf/5/libgcc.a(_udivsi3.o)
                              arch/arm/cpu/armv7/built-in.o (__aeabi_uidiv)
/usr/lib/gcc-cross/arm-linux-gnueabihf/5/libgcc.a(_divsi3.o)
                              cmd/built-in.o (__aeabi_idiv)
/usr/lib/gcc-cross/arm-linux-gnueabihf/5/libgcc.a(_lshrdi3.o)
                              fs/built-in.o (__aeabi_llsr)
/usr/lib/gcc-cross/arm-linux-gnueabihf/5/libgcc.a(_ashldi3.o)
                              drivers/mmc/built-in.o (__aeabi_llsl)
/usr/lib/gcc-cross/arm-linux-gnueabihf/5/libgcc.a(_dvmd_lnx.o)
                              /usr/lib/gcc-cross/arm-linux-gnueabihf/5/libgcc.a(_udivsi3.o) (__aeabi_idiv0)

Discarded input sections

 .data          0x0000000000000000        0x0 arch/arm/cpu/armv7/start.o
 .bss           0x0000000000000000        0x0 arch/arm/cpu/armv7/start.o
 .text.v7_arch_cp15_set_l2aux_ctrl
                0x0000000000000000        0x8 arch/arm/cpu/armv7/built-in.o
 .text.v7_arch_cp15_set_acr
                0x0000000000000000        0x8 arch/arm/cpu/armv7/built-in.o
 .text.sdelay   0x0000000000000000        0xc arch/arm/cpu/armv7/built-in.o
 .text.wait_on_value
                0x0000000000000000       0x34 arch/arm/cpu/armv7/built-in.o
 .text.get_nr_cpus
                0x0000000000000000       0x10 arch/arm/cpu/armv7/built-in.o
 .text.board_mmc_get_env_dev
                0x0000000000000000        0x8 arch/arm/cpu/armv7/built-in.o
 .text.get_boot_device
                0x0000000000000000       0x9c arch/arm/cpu/armv7/built-in.o
 .text.enable_uart_clk
                0x0000000000000000       0x54 arch/arm/cpu/armv7/built-in.o
 .text.enable_usdhc_clk
                0x0000000000000000       0x4c arch/arm/cpu/armv7/built-in.o
 .text.enable_spi_clk
                0x0000000000000000       0x44 arch/arm/cpu/armv7/built-in.o
 .text.enable_lvds_bridge
                0x0000000000000000      0x1d8 arch/arm/cpu/armv7/built-in.o
 .text.enable_ipu_clock
                0x0000000000000000       0x90 arch/arm/cpu/armv7/built-in.o
 .data          0x0000000000000000        0x0 arch/arm/cpu/armv7/built-in.o
 .bss           0x0000000000000000        0x0 arch/arm/cpu/armv7/built-in.o
 .text          0x0000000000000000        0x0 arch/arm/imx-common/built-in.o
 .text.imx_iomux_set_gpr_register
                0x0000000000000000       0x40 arch/arm/imx-common/built-in.o
 .text.get_imx_reset_cause
                0x0000000000000000       0x10 arch/arm/imx-common/built-in.o
 .text.set_chipselect_size
                0x0000000000000000       0x7c arch/arm/imx-common/built-in.o
 .text.usec2ticks
                0x0000000000000000       0x64 arch/arm/imx-common/built-in.o
 .data          0x0000000000000000        0x0 arch/arm/imx-common/built-in.o
 .bss           0x0000000000000000        0x0 arch/arm/imx-common/built-in.o
 .text.reset_misc
                0x0000000000000000        0x4 arch/arm/lib/built-in.o
 .text.enable_caches
                0x0000000000000000        0xc arch/arm/lib/built-in.o
 .text.invalidate_dcache_range
                0x0000000000000000        0x4 arch/arm/lib/built-in.o
 .text.flush_dcache_range
                0x0000000000000000        0x4 arch/arm/lib/built-in.o
 .text.flush_dcache_all
                0x0000000000000000        0xc arch/arm/lib/built-in.o
 .text.arm_init_before_mmu
                0x0000000000000000        0x4 arch/arm/lib/built-in.o
 .text.mmu_page_table_flush
                0x0000000000000000        0x4 arch/arm/lib/built-in.o
 .data          0x0000000000000000        0x0 arch/arm/lib/built-in.o
 .__secure_start
                0x0000000000000000        0x0 arch/arm/lib/built-in.o
 .__secure_end  0x0000000000000000        0x0 arch/arm/lib/built-in.o
 .bss           0x0000000000000000        0x0 arch/arm/lib/built-in.o
 .text          0x0000000000000000        0x0 board/freescale/common/built-in.o
 .text.mmc_map_to_kernel_blk
                0x0000000000000000        0x4 board/freescale/common/built-in.o
 .data          0x0000000000000000        0x0 board/freescale/common/built-in.o
 .bss           0x0000000000000000        0x0 board/freescale/common/built-in.o
 .text          0x0000000000000000        0x0 board/freescale/mx6ullevk/built-in.o
 .text.iox74lv_set
                0x0000000000000000       0xf8 board/freescale/mx6ullevk/built-in.o
 .data          0x0000000000000000        0x0 board/freescale/mx6ullevk/built-in.o
 .bss           0x0000000000000000        0x0 board/freescale/mx6ullevk/built-in.o
 .text          0x0000000000000000        0x0 cmd/built-in.o
 .text.bootz_setup
                0x0000000000000000       0x18 cmd/built-in.o
 .text.gunzip_bmp
                0x0000000000000000        0x8 cmd/built-in.o
 .text.invalidate_icache_all
                0x0000000000000000        0xc cmd/built-in.o
 .text.flush_dcache_all
                0x0000000000000000        0xc cmd/built-in.o
[...]
Memory Configuration

Name             Origin             Length             Attributes
*default*        0x0000000000000000 0xffffffffffffffff

Linker script and memory map

Address of section .text set to 0x87800000
                0x0000000000000000                . = 0x0
                0x0000000000000000                . = ALIGN (0x4)

.text           0x0000000087800000    0x3f8ec
 *(.__image_copy_start)
 .__image_copy_start
                0x0000000087800000        0x0 arch/arm/lib/built-in.o
                0x0000000087800000                __image_copy_start
 *(.vectors)
 .vectors       0x0000000087800000      0x2e8 arch/arm/lib/built-in.o
                0x0000000087800000                _start
                0x0000000087800020                _undefined_instruction
                0x0000000087800024                _software_interrupt
                0x0000000087800028                _prefetch_abort
                0x000000008780002c                _data_abort
                0x0000000087800030                _not_used
                0x0000000087800034                _irq
                0x0000000087800038                _fiq
                0x0000000087800040                IRQ_STACK_START_IN
 arch/arm/cpu/armv7/start.o(.text*)
 .text          0x00000000878002e8       0xb0 arch/arm/cpu/armv7/start.o
                0x00000000878002e8                reset
                0x00000000878002ec                save_boot_params_ret
                0x0000000087800328                c_runtime_cpu_setup
                0x0000000087800338                save_boot_params
                0x000000008780033c                cpu_init_cp15
                0x0000000087800390                cpu_init_crit
 *(.text*)
 .text          0x0000000087800398       0x24 arch/arm/cpu/armv7/built-in.o
                0x0000000087800398                lowlevel_init
 .text.v7_maint_dcache_all
                0x00000000878003bc       0xd0 arch/arm/cpu/armv7/built-in.o
 .text.invalidate_icache_all
                0x000000008780048c       0x18 arch/arm/cpu/armv7/built-in.o
                0x000000008780048c                invalidate_icache_all
 .text.v7_outer_cache_enable
                0x00000000878004a4        0x4 arch/arm/cpu/armv7/built-in.o
                0x00000000878004a4                v7_outer_cache_enable
 .text.v7_outer_cache_disable
                0x00000000878004a8        0x4 arch/arm/cpu/armv7/built-in.o
                0x00000000878004a8                v7_outer_cache_disable
 .text.v7_outer_cache_flush_all
                0x00000000878004ac        0x4 arch/arm/cpu/armv7/built-in.o
                0x00000000878004ac                v7_outer_cache_flush_all
 .text.flush_dcache_all
                0x00000000878004b0       0x14 arch/arm/cpu/armv7/built-in.o
                0x00000000878004b0                flush_dcache_all
 .text.v7_outer_cache_inval_all
                0x00000000878004c4        0x4 arch/arm/cpu/armv7/built-in.o
                0x00000000878004c4                v7_outer_cache_inval_all
 .text.invalidate_dcache_all
                0x00000000878004c8       0x14 arch/arm/cpu/armv7/built-in.o
                0x00000000878004c8                invalidate_dcache_all
 .text.arm_init_before_mmu
                0x00000000878004dc       0x28 arch/arm/cpu/armv7/built-in.o
                0x00000000878004dc                arm_init_before_mmu
 .text.v7_outer_cache_flush_range
                0x0000000087800504        0x4 arch/arm/cpu/armv7/built-in.o
                0x0000000087800504                v7_outer_cache_flush_range
 .text.flush_dcache_range
                0x0000000087800508       0x38 arch/arm/cpu/armv7/built-in.o
                0x0000000087800508                flush_dcache_range
 .text.mmu_page_table_flush
                0x0000000087800540       0x24 arch/arm/cpu/armv7/built-in.o
                0x0000000087800540                mmu_page_table_flush
 .text.v7_outer_cache_inval_range
                0x0000000087800564        0x4 arch/arm/cpu/armv7/built-in.o
                0x0000000087800564                v7_outer_cache_inval_range
 .text.invalidate_dcache_range
                0x0000000087800568       0xa8 arch/arm/cpu/armv7/built-in.o
                0x0000000087800568                invalidate_dcache_range
 .text.cpu_cache_initialization
                0x0000000087800610        0x4 arch/arm/cpu/armv7/built-in.o
                0x0000000087800610                cpu_cache_initialization
 .text.cleanup_before_linux_select
                0x0000000087800614       0x4c arch/arm/cpu/armv7/built-in.o
                0x0000000087800614                cleanup_before_linux_select
 .text.cleanup_before_linux
                0x0000000087800660        0x8 arch/arm/cpu/armv7/built-in.o
                0x0000000087800660                cleanup_before_linux
 .text.get_cpu_rev
                0x0000000087800668       0x90 arch/arm/cpu/armv7/built-in.o
                0x0000000087800668                get_cpu_rev
 .text.get_cpu_speed_grade_hz
                0x00000000878006f8      0x12c arch/arm/cpu/armv7/built-in.o
                0x00000000878006f8                get_cpu_speed_grade_hz
 .text.get_cpu_temp_grade
                0x0000000087800824       0x68 arch/arm/cpu/armv7/built-in.o
                0x0000000087800824                get_cpu_temp_grade
 .text.get_board_rev
                0x000000008780088c       0x40 arch/arm/cpu/armv7/built-in.o
                0x000000008780088c                get_board_rev
 .text.arch_cpu_init
                0x00000000878008cc      0x364 arch/arm/cpu/armv7/built-in.o
                0x00000000878008cc                arch_cpu_init
 .text.mmc_get_env_dev
                0x0000000087800c30       0x28 arch/arm/cpu/armv7/built-in.o
                0x0000000087800c30                mmc_get_env_dev
 .text.board_mmc_get_env_part
                0x0000000087800c58        0x8 arch/arm/cpu/armv7/built-in.o
                0x0000000087800c58                board_mmc_get_env_part
 .text.mmc_get_env_part
                0x0000000087800c60       0x28 arch/arm/cpu/armv7/built-in.o
                0x0000000087800c60                mmc_get_env_part
 .text.board_postclk_init
                0x0000000087800c88       0x70 arch/arm/cpu/armv7/built-in.o
                0x0000000087800c88                board_postclk_init
 .text.imx_get_mac_from_fuse
                0x0000000087800cf8       0xb8 arch/arm/cpu/armv7/built-in.o
                0x0000000087800cf8                imx_get_mac_from_fuse
 .text.set_wdog_reset
                0x0000000087800db0       0x18 arch/arm/cpu/armv7/built-in.o
                0x0000000087800db0                set_wdog_reset
 .text.reset_misc
                0x0000000087800dc8        0x4 arch/arm/cpu/armv7/built-in.o
                0x0000000087800dc8                reset_misc
 .text.s_init   0x0000000087800dcc       0xa8 arch/arm/cpu/armv7/built-in.o
                0x0000000087800dcc                s_init
 .text.disable_lcdif_clock
                0x0000000087800e74      0x208 arch/arm/cpu/armv7/built-in.o
 .text.get_ipg_clk
                0x000000008780107c       0x28 arch/arm/cpu/armv7/built-in.o
 .text.enable_pll_video.constprop.0
                0x00000000878010a4       0xf8 arch/arm/cpu/armv7/built-in.o
 .text.get_uart_clk
                0x000000008780119c       0xd8 arch/arm/cpu/armv7/built-in.o
 .text.mxc_get_pll_pfd
                0x0000000087801274       0xdc arch/arm/cpu/armv7/built-in.o
 .text.get_usdhc_clk
                0x0000000087801350       0xe8 arch/arm/cpu/armv7/built-in.o
 .text.enable_ocotp_clk
                0x0000000087801438       0x24 arch/arm/cpu/armv7/built-in.o
                0x0000000087801438                enable_ocotp_clk
 .text.enable_usboh3_clk
                0x000000008780145c       0x24 arch/arm/cpu/armv7/built-in.o
                0x000000008780145c                enable_usboh3_clk
 .text.enable_enet_clk
                0x0000000087801480       0x64 arch/arm/cpu/armv7/built-in.o
                0x0000000087801480                enable_enet_clk
 .text.enable_i2c_clk
                0x00000000878014e4       0xd8 arch/arm/cpu/armv7/built-in.o
                0x00000000878014e4                enable_i2c_clk
 .text.get_periph_clk
                0x00000000878015bc       0xdc arch/arm/cpu/armv7/built-in.o
                0x00000000878015bc                get_periph_clk
 .text.get_axi_clk
                0x0000000087801698       0x4c arch/arm/cpu/armv7/built-in.o
 .text.enable_lcdif_clock
                0x00000000878016e4      0x264 arch/arm/cpu/armv7/built-in.o
                0x00000000878016e4                enable_lcdif_clock
 .text.mxs_set_lcdclk
                0x0000000087801948      0x39c arch/arm/cpu/armv7/built-in.o
                0x0000000087801948                mxs_set_lcdclk
 .text.enable_qspi_clk
                0x0000000087801ce4       0x9c arch/arm/cpu/armv7/built-in.o
                0x0000000087801ce4                enable_qspi_clk
 .text.enable_fec_anatop_clock
                0x0000000087801d80       0xf4 arch/arm/cpu/armv7/built-in.o
                0x0000000087801d80                enable_fec_anatop_clock
 .text.imx_get_uartclk
                0x0000000087801e74        0x4 arch/arm/cpu/armv7/built-in.o
                0x0000000087801e74                imx_get_uartclk
 .text.enable_thermal_clk
                0x0000000087801e78       0x44 arch/arm/cpu/armv7/built-in.o
                0x0000000087801e78                enable_thermal_clk
 .text.mxc_get_clock
                0x0000000087801ebc      0x4bc arch/arm/cpu/armv7/built-in.o
                0x0000000087801ebc                mxc_get_clock
 .text.imx_get_fecclk
                0x0000000087802378        0x8 arch/arm/cpu/armv7/built-in.o
                0x0000000087802378                imx_get_fecclk
 .text.do_mx6_showclocks
                0x0000000087802380      0x230 arch/arm/cpu/armv7/built-in.o
                0x0000000087802380                do_mx6_showclocks
 .text.imx_iomux_v3_setup_pad
                0x00000000878025b0      0x17c arch/arm/imx-common/built-in.o
                0x00000000878025b0                imx_iomux_v3_setup_pad
 .text.imx_iomux_v3_setup_multiple_pads
                0x000000008780272c       0x2c arch/arm/imx-common/built-in.o
                0x000000008780272c                imx_iomux_v3_setup_multiple_pads
 .text.imx_ddr_size
                0x0000000087802758       0x64 arch/arm/imx-common/built-in.o
                0x0000000087802758                imx_ddr_size
 .text.get_imx_type
                0x00000000878027bc       0x20 arch/arm/imx-common/built-in.o
                0x00000000878027bc                get_imx_type
 .text.print_cpuinfo
                0x00000000878027dc      0x228 arch/arm/imx-common/built-in.o
                0x00000000878027dc                print_cpuinfo
 .text.cpu_eth_init
                0x0000000087802a04        0x4 arch/arm/imx-common/built-in.o
                0x0000000087802a04                cpu_eth_init
 .text.cpu_mmc_init
                0x0000000087802a08        0x4 arch/arm/imx-common/built-in.o
                0x0000000087802a08                cpu_mmc_init
 .text.get_ahb_clk
                0x0000000087802a0c       0x24 arch/arm/imx-common/built-in.o
                0x0000000087802a0c                get_ahb_clk
 .text.arch_preboot_os
                0x0000000087802a30        0x4 arch/arm/imx-common/built-in.o
                0x0000000087802a30                arch_preboot_os
 .text.get_clocks
                0x0000000087802a34       0x1c arch/arm/imx-common/built-in.o
                0x0000000087802a34                get_clocks
 .text.force_idle_bus
                0x0000000087802a50      0x1c4 arch/arm/imx-common/built-in.o
                0x0000000087802a50                force_idle_bus
 .text.setup_i2c
                0x0000000087802c14       0xe4 arch/arm/imx-common/built-in.o
                0x0000000087802c14                setup_i2c
 .text.mxs_wait_mask_set
                0x0000000087802cf8       0x3c arch/arm/imx-common/built-in.o
                0x0000000087802cf8                mxs_wait_mask_set
 .text.mxs_wait_mask_clr
                0x0000000087802d34       0x3c arch/arm/imx-common/built-in.o
                0x0000000087802d34                mxs_wait_mask_clr
 .text.mxs_reset_block
                0x0000000087802d70       0x90 arch/arm/imx-common/built-in.o
                0x0000000087802d70                mxs_reset_block
 .text.enable_caches
                0x0000000087802e00       0x34 arch/arm/imx-common/built-in.o
                0x0000000087802e00                enable_caches
 .text.init_aips
                0x0000000087802e34       0xc0 arch/arm/imx-common/built-in.o
                0x0000000087802e34                init_aips
 .text.imx_set_wdog_powerdown
                0x0000000087802ef4       0xa0 arch/arm/imx-common/built-in.o
                0x0000000087802ef4                imx_set_wdog_powerdown
 .text.init_src
                0x0000000087802f94       0x18 arch/arm/imx-common/built-in.o
                0x0000000087802f94                init_src
 .text.boot_mode_apply
                0x0000000087802fac       0x24 arch/arm/imx-common/built-in.o
                0x0000000087802fac                boot_mode_apply
 .text.board_video_skip
                0x0000000087802fd0      0x1a4 arch/arm/imx-common/built-in.o
                0x0000000087802fd0                board_video_skip
 .text.timer_init
                0x0000000087803174       0x3c arch/arm/imx-common/built-in.o
                0x0000000087803174                timer_init
 .text.get_ticks
                0x00000000878031b0       0x18 arch/arm/imx-common/built-in.o
                0x00000000878031b0                get_ticks
 .text.get_timer_masked
                0x00000000878031c8       0x58 arch/arm/imx-common/built-in.o
                0x00000000878031c8                get_timer_masked
 .text.get_timer
                0x0000000087803220       0x14 arch/arm/imx-common/built-in.o
                0x0000000087803220                get_timer
 *fill*         0x0000000087803234        0x4 
 .text.__udelay
                0x0000000087803238       0x88 arch/arm/imx-common/built-in.o
                0x0000000087803238                __udelay
 .text.get_tbclk
                0x00000000878032c0        0x8 arch/arm/imx-common/built-in.o
                0x00000000878032c0                get_tbclk
 .text.create_usage
                0x00000000878032c8       0xac arch/arm/imx-common/built-in.o
 .text.do_boot_mode
                0x0000000087803374       0xd4 arch/arm/imx-common/built-in.o
 .text.add_board_boot_modes
                0x0000000087803448       0x60 arch/arm/imx-common/built-in.o
                0x0000000087803448                add_board_boot_modes
 .text          0x00000000878034a8       0x90 arch/arm/lib/built-in.o
                0x00000000878034a8                _main
 .text.relocate_vectors
                0x0000000087803538       0x70 arch/arm/lib/built-in.o
                0x0000000087803538                relocate_vectors
                0x0000000087803544                relocate_code
 .text.arch_fixup_fdt
                0x00000000878035a8       0x38 arch/arm/lib/built-in.o
                0x00000000878035a8                arch_fixup_fdt
 .text.boot_jump_linux
                0x00000000878035e0       0xc4 arch/arm/lib/built-in.o
 .text.arch_lmb_reserve
                0x00000000878036a4       0x24 arch/arm/lib/built-in.o
                0x00000000878036a4                arch_lmb_reserve
 .text.setup_board_tags
                0x00000000878036c8        0x4 arch/arm/lib/built-in.o
                0x00000000878036c8                setup_board_tags
 .text.boot_prep_linux
                0x00000000878036cc      0x1b8 arch/arm/lib/built-in.o
 .text.do_bootm_linux
                0x0000000087803884       0x64 arch/arm/lib/built-in.o
                0x0000000087803884                do_bootm_linux
 .text.bootz_setup
                0x00000000878038e8       0x58 arch/arm/lib/built-in.o
                0x00000000878038e8                bootz_setup
 .text.boot_prep_vxworks
                0x0000000087803940       0x50 arch/arm/lib/built-in.o
                0x0000000087803940                boot_prep_vxworks
 .text.boot_jump_vxworks
                0x0000000087803990        0xc arch/arm/lib/built-in.o
                0x0000000087803990                boot_jump_vxworks
 .text.arch_reserve_stacks
                0x000000008780399c       0x1c arch/arm/lib/built-in.o
                0x000000008780399c                arch_reserve_stacks
 .text.interrupt_init
                0x00000000878039b8       0x1c arch/arm/lib/built-in.o
                0x00000000878039b8                interrupt_init
 .text.enable_interrupts
                0x00000000878039d4        0x4 arch/arm/lib/built-in.o
                0x00000000878039d4                enable_interrupts
 .text.disable_interrupts
                0x00000000878039d8        0x8 arch/arm/lib/built-in.o
                0x00000000878039d8                disable_interrupts
 .text.bad_mode
                0x00000000878039e0       0x10 arch/arm/lib/built-in.o
                0x00000000878039e0                bad_mode
 .text.show_regs
                0x00000000878039f0      0x174 arch/arm/lib/built-in.o
                0x00000000878039f0                show_regs
 .text.do_undefined_instruction
                0x0000000087803b64       0x20 arch/arm/lib/built-in.o
                0x0000000087803b64                do_undefined_instruction
 .text.do_software_interrupt
                0x0000000087803b84       0x20 arch/arm/lib/built-in.o
                0x0000000087803b84                do_software_interrupt
 .text.do_prefetch_abort
                0x0000000087803ba4       0x20 arch/arm/lib/built-in.o
                0x0000000087803ba4                do_prefetch_abort
 .text.do_data_abort
                0x0000000087803bc4       0x20 arch/arm/lib/built-in.o
                0x0000000087803bc4                do_data_abort
 .text.do_not_used
                0x0000000087803be4       0x20 arch/arm/lib/built-in.o
                0x0000000087803be4                do_not_used
 .text.do_fiq   0x0000000087803c04       0x20 arch/arm/lib/built-in.o
                0x0000000087803c04                do_fiq
 .text.do_irq   0x0000000087803c24       0x20 arch/arm/lib/built-in.o
                0x0000000087803c24                do_irq
 .text.do_reset
                0x0000000087803c44       0x30 arch/arm/lib/built-in.o
                0x0000000087803c44                do_reset
 .text.flush_cache
                0x0000000087803c74        0x8 arch/arm/lib/built-in.o
                0x0000000087803c74                flush_cache
 .text.cp_delay
                0x0000000087803c7c       0x30 arch/arm/lib/built-in.o
 .text.arm_init_domains
                0x0000000087803cac        0x4 arch/arm/lib/built-in.o
                0x0000000087803cac                arm_init_domains
 .text.set_section_dcache
                0x0000000087803cb0       0x14 arch/arm/lib/built-in.o
                0x0000000087803cb0                set_section_dcache
 .text.mmu_set_region_dcache_behaviour
                0x0000000087803cc4       0x4c arch/arm/lib/built-in.o
                0x0000000087803cc4                mmu_set_region_dcache_behaviour
 .text.dram_bank_mmu_setup
                0x0000000087803d10       0x44 arch/arm/lib/built-in.o
                0x0000000087803d10                dram_bank_mmu_setup
 .text.icache_enable
                0x0000000087803d54       0x18 arch/arm/lib/built-in.o
                0x0000000087803d54                icache_enable
 .text.icache_disable
                0x0000000087803d6c       0x20 arch/arm/lib/built-in.o
                0x0000000087803d6c                icache_disable
 .text.icache_status
                0x0000000087803d8c        0xc arch/arm/lib/built-in.o
                0x0000000087803d8c                icache_status
 .text.dcache_enable
                0x0000000087803d98       0x7c arch/arm/lib/built-in.o
                0x0000000087803d98                dcache_enable
 .text.dcache_disable
                0x0000000087803e14       0x2c arch/arm/lib/built-in.o
                0x0000000087803e14                dcache_disable
 .text.dcache_status
                0x0000000087803e40        0xc arch/arm/lib/built-in.o
                0x0000000087803e40                dcache_status
 .text.board_late_mmc_env_init
                0x0000000087803e4c       0x9c board/freescale/common/built-in.o
                0x0000000087803e4c                board_late_mmc_env_init
 .text.do_enable_parallel_lcd
                0x0000000087803ee8       0x2c board/freescale/mx6ullevk/built-in.o
                0x0000000087803ee8                do_enable_parallel_lcd
 .text.power_init_board
                0x0000000087803f14        0x8 board/freescale/mx6ullevk/built-in.o
                0x0000000087803f14                power_init_board
 .text.dram_init
                0x0000000087803f1c       0x18 board/freescale/mx6ullevk/built-in.o
                0x0000000087803f1c                dram_init
 .text.board_mmc_get_env_dev
                0x0000000087803f34        0x4 board/freescale/mx6ullevk/built-in.o
                0x0000000087803f34                board_mmc_get_env_dev
 .text.mmc_map_to_kernel_blk
                0x0000000087803f38        0x4 board/freescale/mx6ullevk/built-in.o
                0x0000000087803f38                mmc_map_to_kernel_blk
 .text.board_mmc_getcd
                0x0000000087803f3c       0x44 board/freescale/mx6ullevk/built-in.o
                0x0000000087803f3c                board_mmc_getcd
 .text.board_mmc_init
                0x0000000087803f80       0xc0 board/freescale/mx6ullevk/built-in.o
                0x0000000087803f80                board_mmc_init
 .text.board_usb_phy_mode
                0x0000000087804040       0x14 board/freescale/mx6ullevk/built-in.o
                0x0000000087804040                board_usb_phy_mode
 .text.board_ehci_hcd_init
                0x0000000087804054       0x28 board/freescale/mx6ullevk/built-in.o
                0x0000000087804054                board_ehci_hcd_init
 .text.board_eth_init
                0x000000008780407c       0x60 board/freescale/mx6ullevk/built-in.o
                0x000000008780407c                board_eth_init
 .text.board_phy_config
                0x00000000878040dc       0x4c board/freescale/mx6ullevk/built-in.o
                0x00000000878040dc                board_phy_config
 .text.board_early_init_f
                0x0000000087804128       0x1c board/freescale/mx6ullevk/built-in.o
                0x0000000087804128                board_early_init_f
 .text.select_display_dev
                0x0000000087804144      0x170 board/freescale/mx6ullevk/built-in.o
                0x0000000087804144                select_display_dev
 .text.imx6_light_up_led1
                0x00000000878042b4       0x18 board/freescale/mx6ullevk/built-in.o
                0x00000000878042b4                imx6_light_up_led1
 .text.imx6_light_up_led2
                0x00000000878042cc       0x18 board/freescale/mx6ullevk/built-in.o
                0x00000000878042cc                imx6_light_up_led2
 .text.board_init
                0x00000000878042e4      0x1a8 board/freescale/mx6ullevk/built-in.o
                0x00000000878042e4                board_init
 .text.board_late_init
                0x000000008780448c       0x50 board/freescale/mx6ullevk/built-in.o
                0x000000008780448c                board_late_init
 .text.checkboard
                0x00000000878044dc       0x18 board/freescale/mx6ullevk/built-in.o
                0x00000000878044dc                checkboard
 .text.do_go_exec
                0x00000000878044f4       0x10 cmd/built-in.o
                0x00000000878044f4                do_go_exec
 .text.do_go    0x0000000087804504       0x6c cmd/built-in.o
 .text.do_bootm
                0x0000000087804570      0x10c cmd/built-in.o
                0x0000000087804570                do_bootm
 .text.do_bootd
                0x000000008780467c       0x20 cmd/built-in.o
                0x000000008780467c                do_bootd
 .text.image_info
                0x000000008780469c       0xcc cmd/built-in.o
 .text.do_iminfo
                0x0000000087804768       0x5c cmd/built-in.o
 .text.bootm_maybe_autostart
                0x00000000878047c4       0x78 cmd/built-in.o
                0x00000000878047c4                bootm_maybe_autostart
 .text.do_bootz
                0x000000008780483c       0xf8 cmd/built-in.o
                0x000000008780483c                do_bootz
 .text.do_help  0x0000000087804934       0x44 cmd/built-in.o
 .text.do_version
                0x0000000087804978       0x38 cmd/built-in.o
 .text.source   0x00000000878049b0       0xd8 cmd/built-in.o
                0x00000000878049b0                source
 .text.do_source
                0x0000000087804a88       0x48 cmd/built-in.o
 .text.print_num
                0x0000000087804ad0       0x14 cmd/built-in.o
 .text.do_bdinfo
                0x0000000087804ae4      0x198 cmd/built-in.o
 .text.do_bmp   0x0000000087804c7c       0x58 cmd/built-in.o
 .text.do_bmp_info
                0x0000000087804cd4      0x10c cmd/built-in.o
 .text.bmp_display
                0x0000000087804de0       0x50 cmd/built-in.o
                0x0000000087804de0                bmp_display
 .text.do_bmp_display
                0x0000000087804e30       0xbc cmd/built-in.o
 .text.parse_argv
                0x0000000087804eec       0x64 cmd/built-in.o
 .text.do_icache
                0x0000000087804f50       0x88 cmd/built-in.o
 .text.do_dcache
                0x0000000087804fd8       0x88 cmd/built-in.o
 .text.do_coninfo
                0x0000000087805060       0xb0 cmd/built-in.o
 .text.do_echo  0x0000000087805110       0xb4 cmd/built-in.o
 .text.load_elf_image_shdr
                0x00000000878051c4       0x8c cmd/built-in.o
 .text.valid_elf_image
                0x0000000087805250       0x4c cmd/built-in.o
                0x0000000087805250                valid_elf_image
 .text.do_bootelf
                0x000000008780529c      0x1b0 cmd/built-in.o
                0x000000008780529c                do_bootelf
 .text.do_bootvx
                0x000000008780544c      0x330 cmd/built-in.o
                0x000000008780544c                do_bootvx
 .text.do_exit  0x000000008780577c       0x48 cmd/built-in.o
 .text.do_ext4_size
                0x00000000878057c4       0x18 cmd/built-in.o
                0x00000000878057c4                do_ext4_size
 .text.do_ext4_load
                0x00000000878057dc       0x18 cmd/built-in.o
                0x00000000878057dc                do_ext4_load
 .text.do_ext4_ls
                0x00000000878057f4       0x18 cmd/built-in.o
                0x00000000878057f4                do_ext4_ls
 .text.do_ext4_write
                0x000000008780580c       0x18 cmd/built-in.o
                0x000000008780580c                do_ext4_write
 .text.do_ext2load
                0x0000000087805824       0x18 cmd/built-in.o
                0x0000000087805824                do_ext2load
 .text.do_ext2ls
                0x000000008780583c       0x18 cmd/built-in.o
 .text.do_fat_size
                0x0000000087805854       0x18 cmd/built-in.o
                0x0000000087805854                do_fat_size
 .text.do_fat_fsload
                0x000000008780586c       0x18 cmd/built-in.o
                0x000000008780586c                do_fat_fsload
 .text.do_fat_ls
                0x0000000087805884       0x18 cmd/built-in.o
 .text.do_fat_fsinfo
                0x000000008780589c       0x90 cmd/built-in.o
 .text.do_fat_fswrite
                0x000000008780592c      0x10c cmd/built-in.o
 .text.fdt_valid
                0x0000000087805a38       0xbc cmd/built-in.o
 .text.is_printable_string
                0x0000000087805af4       0xa8 cmd/built-in.o
 .text.print_data
                0x0000000087805b9c      0x178 cmd/built-in.o
 .text.set_working_fdt_addr
                0x0000000087805d14       0x1c cmd/built-in.o
                0x0000000087805d14                set_working_fdt_addr
 .text.do_fdt   0x0000000087805d30      0xe50 cmd/built-in.o
 .text.do_flerase
                0x0000000087806b80        0x8 cmd/built-in.o
 .text.do_protect
                0x0000000087806b88       0x10 cmd/built-in.o
 .text.do_flinfo
                0x0000000087806b98        0x8 cmd/built-in.o
 .text.do_size_wrapper
                0x0000000087806ba0       0x18 cmd/built-in.o
 .text.do_load_wrapper
                0x0000000087806bb8       0x18 cmd/built-in.o
 .text.do_save_wrapper
                0x0000000087806bd0       0x18 cmd/built-in.o
 .text.do_ls_wrapper
                0x0000000087806be8       0x18 cmd/built-in.o
 .text.do_fstype_wrapper
                0x0000000087806c00        0x4 cmd/built-in.o
 .text.strtou32
                0x0000000087806c04       0x44 cmd/built-in.o
 .text.do_fuse  0x0000000087806c48      0x374 cmd/built-in.o
 .text.name_to_gpio
                0x0000000087806fbc        0xc cmd/built-in.o
                0x0000000087806fbc                name_to_gpio
 .text.do_gpio  0x0000000087806fc8      0x154 cmd/built-in.o
 .text.do_i2c   0x000000008780711c       0x68 cmd/built-in.o
 .text.do_i2c_bus_speed
                0x0000000087807184       0x78 cmd/built-in.o
 .text.do_i2c_reset
                0x00000000878071fc       0x2c cmd/built-in.o
 .text.do_i2c_probe
                0x0000000087807228       0xa0 cmd/built-in.o
 .text.do_i2c_bus_num
                0x00000000878072c8       0xb8 cmd/built-in.o
 .text.do_i2c_show_bus
                0x0000000087807380       0xd8 cmd/built-in.o
 .text.get_alen.constprop.5
                0x0000000087807458       0x3c cmd/built-in.o
 .text.do_i2c_crc
                0x0000000087807494      0x120 cmd/built-in.o
 .text.mod_i2c_mem.isra.3
                0x00000000878075b4      0x1f0 cmd/built-in.o
 .text.do_i2c_nm
                0x00000000878077a4        0x8 cmd/built-in.o
 .text.do_i2c_mm
                0x00000000878077ac        0x8 cmd/built-in.o
 .text.do_i2c_md
                0x00000000878077b4      0x1e4 cmd/built-in.o
 .text.do_i2c_read
                0x0000000087807998       0xbc cmd/built-in.o
 .text.do_i2c_mw
                0x0000000087807a54       0xfc cmd/built-in.o
 .text.do_i2c_write
                0x0000000087807b50      0x14c cmd/built-in.o
 .text.do_i2c_loop
                0x0000000087807c9c       0xec cmd/built-in.o
 .text.i2c_init_board
                0x0000000087807d88        0x4 cmd/built-in.o
                0x0000000087807d88                i2c_init_board
 .text.evalexp  0x0000000087807d8c       0x78 cmd/built-in.o
 .text.evalstr  0x0000000087807e04       0x6c cmd/built-in.o
 .text.binary_test
                0x0000000087807e70      0x1c0 cmd/built-in.o
 .text.do_itest
                0x0000000087808030       0x88 cmd/built-in.o
 .text.bin_data_init
                0x00000000878080b8       0x2c cmd/built-in.o
 .text.k_data_save
                0x00000000878080e4       0x4c cmd/built-in.o
 .text.k_data_restore
                0x0000000087808130       0x4c cmd/built-in.o
 .text.getcxmodem
                0x000000008780817c       0x20 cmd/built-in.o
 .text.load_serial_ymodem
                0x000000008780819c       0xcc cmd/built-in.o
 .text.bin_data_char
                0x0000000087808268       0x2c cmd/built-in.o
 .text.chk1.constprop.1
                0x0000000087808294       0x2c cmd/built-in.o
 .text.s1_sendpacket.constprop.2
                0x00000000878082c0       0x50 cmd/built-in.o
 .text.load_serial
                0x0000000087808310      0x1f0 cmd/built-in.o
 .text.do_load_serial
                0x0000000087808500       0xdc cmd/built-in.o
 .text.do_load_serial_bin
                0x00000000878085dc      0x7a0 cmd/built-in.o
 .text.do_mem_mw
                0x0000000087808d7c       0xc0 cmd/built-in.o
 .text.do_mem_loop
                0x0000000087808e3c       0xec cmd/built-in.o
 .text.do_mem_md
                0x0000000087808f28       0xe4 cmd/built-in.o
 .text.do_mem_cmp
                0x000000008780900c      0x168 cmd/built-in.o
 .text.do_mem_base
                0x0000000087809174       0x40 cmd/built-in.o
 .text.do_mem_cp
                0x00000000878091b4       0xd8 cmd/built-in.o
 .text.do_mem_crc
                0x000000008780928c       0x48 cmd/built-in.o
 .text.do_mem_mtest
                0x00000000878092d4      0x224 cmd/built-in.o
 .text.mod_mem.isra.0
                0x00000000878094f8      0x174 cmd/built-in.o
 .text.do_mem_mm
                0x000000008780966c        0x8 cmd/built-in.o
 .text.do_mem_nm
                0x0000000087809674        0x8 cmd/built-in.o
 .text.extract_range
                0x000000008780967c       0xe4 cmd/built-in.o
 .text.do_mii   0x0000000087809760      0x904 cmd/built-in.o
 .text.do_mdio  0x000000008780a064      0x4ec cmd/built-in.o
 .text.do_sleep
                0x000000008780a550       0x70 cmd/built-in.o
 .text.do_mmcops
                0x000000008780a5c0       0xb8 cmd/built-in.o
 .text.init_mmc_device
                0x000000008780a678       0x54 cmd/built-in.o
 .text.do_mmc_rescan
                0x000000008780a6cc       0x24 cmd/built-in.o
 .text.do_mmc_rst_func
                0x000000008780a6f0       0xa0 cmd/built-in.o
 .text.do_mmc_partconf
                0x000000008780a790       0xb4 cmd/built-in.o
 .text.do_mmc_boot_resize
                0x000000008780a844       0xcc cmd/built-in.o
 .text.do_mmc_bootbus
                0x000000008780a910       0xb4 cmd/built-in.o
 .text.do_mmc_hwpartition
                0x000000008780a9c4      0x518 cmd/built-in.o
 .text.do_mmc_list
                0x000000008780aedc       0x14 cmd/built-in.o
 .text.do_mmc_dev
                0x000000008780aef0      0x134 cmd/built-in.o
 .text.do_mmc_part
                0x000000008780b024       0x5c cmd/built-in.o
 .text.do_mmc_erase
                0x000000008780b080       0xe8 cmd/built-in.o
 .text.do_mmc_write
                0x000000008780b168      0x100 cmd/built-in.o
 .text.do_mmc_read
                0x000000008780b268       0xec cmd/built-in.o
 .text.do_mmcinfo
                0x000000008780b354      0x374 cmd/built-in.o
 .text.do_mmc_setdsr
                0x000000008780b6c8       0xb0 cmd/built-in.o
 .text.netboot_common
                0x000000008780b778      0x294 cmd/built-in.o
 .text.do_bootp
                0x000000008780ba0c        0xc cmd/built-in.o
 .text.do_dhcp  0x000000008780ba18        0xc cmd/built-in.o
 .text.do_nfs   0x000000008780ba24        0xc cmd/built-in.o
 .text.do_tftpb
                0x000000008780ba30       0x40 cmd/built-in.o
                0x000000008780ba30                do_tftpb
 .text.do_ping  0x000000008780ba70       0x78 cmd/built-in.o
 .text.bytes_per_second
                0x000000008780bae8       0x50 cmd/built-in.o
 .text.do_spi_flash
                0x000000008780bb38      0x864 cmd/built-in.o
 .text.substitute
                0x000000008780c39c       0xf0 cmd/built-in.o
 .text.get_arg  0x000000008780c48c       0x58 cmd/built-in.o
 .text.regex_sub
                0x000000008780c4e4      0x450 cmd/built-in.o
 .text.do_setexpr
                0x000000008780c934      0x1a0 cmd/built-in.o
 .text.do_false
                0x000000008780cad4        0x8 cmd/built-in.o
 .text.do_true  0x000000008780cadc        0x8 cmd/built-in.o
 .text.do_test  0x000000008780cae4      0x338 cmd/built-in.o
 .text.usb_get_class_desc
                0x000000008780ce1c       0xbc cmd/built-in.o
 .text.usb_find_device
                0x000000008780ced8       0x3c cmd/built-in.o
 .text.usb_show_tree_graph
                0x000000008780cf14      0x234 cmd/built-in.o
 .text.usb_display_class_sub
                0x000000008780d148      0x170 cmd/built-in.o
 .text.usb_display_string
                0x000000008780d2b8       0x44 cmd/built-in.o
 .text.usb_display_config
                0x000000008780d2fc      0x20c cmd/built-in.o
 .text.do_usbboot
                0x000000008780d508        0xc cmd/built-in.o
 .text.usb_display_desc.part.1
                0x000000008780d514      0x12c cmd/built-in.o
 .text.do_usb_start
                0x000000008780d640       0x38 cmd/built-in.o
 .text.usb_show_tree
                0x000000008780d678       0x54 cmd/built-in.o
                0x000000008780d678                usb_show_tree
 .text.do_usb   0x000000008780d6cc      0x754 cmd/built-in.o
 .text.do_imgextract
                0x000000008780de20      0x290 cmd/built-in.o
 .text.do_env_delete
                0x000000008780e0b0       0xa0 cmd/built-in.o
 .text.do_env_exists
                0x000000008780e150       0x64 cmd/built-in.o
 .text.do_env_save
                0x000000008780e1b4       0x2c cmd/built-in.o
 .text.do_env   0x000000008780e1e0       0x68 cmd/built-in.o
 .text.env_print
                0x000000008780e248       0xc0 cmd/built-in.o
 .text.do_env_print
                0x000000008780e308       0xc8 cmd/built-in.o
 .text.do_env_import
                0x000000008780e3d0      0x284 cmd/built-in.o
 .text.do_env_default
                0x000000008780e654       0xa8 cmd/built-in.o
 .text._do_env_set.isra.0
                0x000000008780e6fc      0x1bc cmd/built-in.o
 .text.do_env_set
                0x000000008780e8b8       0x20 cmd/built-in.o
 .text.get_env_id
                0x000000008780e8d8       0x10 cmd/built-in.o
                0x000000008780e8d8                get_env_id
 .text.setenv   0x000000008780e8e8       0x60 cmd/built-in.o
                0x000000008780e8e8                setenv
 .text.setenv_ulong
                0x000000008780e948       0x20 cmd/built-in.o
                0x000000008780e948                setenv_ulong
 .text.setenv_hex
                0x000000008780e968       0x34 cmd/built-in.o
                0x000000008780e968                setenv_hex
 .text.do_env_export
                0x000000008780e99c      0x258 cmd/built-in.o
 .text.envmatch
                0x000000008780ebf4       0x6c cmd/built-in.o
                0x000000008780ebf4                envmatch
 .text.getenv_f
                0x000000008780ec60       0xc0 cmd/built-in.o
                0x000000008780ec60                getenv_f
 .text.getenv   0x000000008780ed20       0x78 cmd/built-in.o
                0x000000008780ed20                getenv
 .text.getenv_hex
                0x000000008780ed98       0x3c cmd/built-in.o
                0x000000008780ed98                getenv_hex
 .text.getenv_ulong
                0x000000008780edd4       0x30 cmd/built-in.o
                0x000000008780edd4                getenv_ulong
 .text.do_env_edit.part.2
                0x000000008780ee04       0xa4 cmd/built-in.o
 .text.do_env_edit
                0x000000008780eea8       0x2c cmd/built-in.o
 .text.common_diskboot
                0x000000008780eed4      0x238 cmd/built-in.o
                0x000000008780eed4                common_diskboot
 .text.board_init_f_alloc_reserve
                0x000000008780f10c       0x10 common/built-in.o
                0x000000008780f10c                board_init_f_alloc_reserve
 .text.board_init_f_init_reserve
                0x000000008780f11c       0x20 common/built-in.o
                0x000000008780f11c                board_init_f_init_reserve
 .text.show_boot_progress
                0x000000008780f13c        0x4 common/built-in.o
                0x000000008780f13c                show_boot_progress
 .text.main_loop
                0x000000008780f140       0x20 common/built-in.o
                0x000000008780f140                main_loop
 .text.dummy    0x000000008780f160        0x4 common/built-in.o
 .text.get_version
                0x000000008780f164        0x8 common/built-in.o
                0x000000008780f164                get_version
 .text.jumptable_init
                0x000000008780f16c      0x1e0 common/built-in.o
                0x000000008780f16c                jumptable_init
 .text.hash_command
                0x000000008780f34c       0xb4 common/built-in.o
                0x000000008780f34c                hash_command
 .text.b_reset  0x000000008780f400       0x1c common/built-in.o
 .text.static_get
                0x000000008780f41c       0x1c common/built-in.o
 .text.file_peek
                0x000000008780f438        0xc common/built-in.o
 .text.mapset   0x000000008780f444       0x20 common/built-in.o
 .text.syntax_err
                0x000000008780f464        0xc common/built-in.o
 .text.free_pipe_list
                0x000000008780f470       0xf4 common/built-in.o
 .text.xmalloc  0x000000008780f564       0x20 common/built-in.o
 .text.new_pipe
                0x000000008780f584       0x28 common/built-in.o
 .text.xrealloc
                0x000000008780f5ac       0x20 common/built-in.o
 .text.done_command
                0x000000008780f5cc       0x88 common/built-in.o
 .text.done_pipe
                0x000000008780f654       0x48 common/built-in.o
 .text.done_word
                0x000000008780f69c      0x2e4 common/built-in.o
 .text.do_showvar
                0x000000008780f980      0x100 common/built-in.o
 .text.is_assignment
                0x000000008780fa80       0x5c common/built-in.o
 .text.file_get
                0x000000008780fadc      0x1ec common/built-in.o
 .text.b_addchr
                0x000000008780fcc8       0x80 common/built-in.o
 .text.b_addqchr
                0x000000008780fd48       0x50 common/built-in.o
 .text.static_peek
                0x000000008780fd98        0xc common/built-in.o
 .text.get_local_var
                0x000000008780fda4       0xa0 common/built-in.o
                0x000000008780fda4                get_local_var
 .text.set_local_var
                0x000000008780fe44      0x1bc common/built-in.o
                0x000000008780fe44                set_local_var
 .text.insert_var_value_sub
                0x0000000087810000      0x2c0 common/built-in.o
 .text.parse_string_outer
                0x00000000878102c0       0xe4 common/built-in.o
                0x00000000878102c0                parse_string_outer
 .text.run_list_real
                0x00000000878103a4      0x7c0 common/built-in.o
 .text.parse_stream_outer
                0x0000000087810b64      0x6d0 common/built-in.o
 .text.parse_file_outer
                0x0000000087811234       0x44 common/built-in.o
                0x0000000087811234                parse_file_outer
 .text.u_boot_hush_start
                0x0000000087811278       0x54 common/built-in.o
                0x0000000087811278                u_boot_hush_start
 .text.bootdelay_process
                0x00000000878112cc       0xd0 common/built-in.o
                0x00000000878112cc                bootdelay_process
 .text.autoboot_command
                0x000000008781139c       0xd4 common/built-in.o
                0x000000008781139c                autoboot_command
 .text.setup_mon_len
                0x0000000087811470       0x20 common/built-in.o
 .text.reserve_round_4k
                0x0000000087811490       0x18 common/built-in.o
 .text.reserve_mmu
                0x00000000878114a8       0x38 common/built-in.o
 .text.reserve_uboot
                0x00000000878114e0       0x30 common/built-in.o
 .text.reserve_malloc
                0x0000000087811510       0x18 common/built-in.o
 .text.reserve_global_data
                0x0000000087811528       0x1c common/built-in.o
 .text.reserve_fdt
                0x0000000087811544       0x4c common/built-in.o
 .text.initf_console_record
                0x0000000087811590        0x8 common/built-in.o
 .text.arch_cpu_init_dm
                0x0000000087811598        0x8 common/built-in.o
                0x0000000087811598                arch_cpu_init_dm
 .text.announce_dram_init
                0x00000000878115a0       0x18 common/built-in.o
 .text.init_func_i2c
                0x00000000878115b8       0x28 common/built-in.o
 .text.init_baud_rate
                0x00000000878115e0       0x2c common/built-in.o
 .text.mark_bootstage
                0x000000008781160c       0x14 common/built-in.o
 .text.initf_dm
                0x0000000087811620        0x8 common/built-in.o
 .text.setup_reloc
                0x0000000087811628       0x40 common/built-in.o
 .text.reloc_fdt
                0x0000000087811668       0x44 common/built-in.o
 .text.reserve_board
                0x00000000878116ac       0x40 common/built-in.o
 .text.reserve_arch
                0x00000000878116ec        0x8 common/built-in.o
                0x00000000878116ec                reserve_arch
 .text.display_text_info
                0x00000000878116f4        0x8 common/built-in.o
 .text.reserve_trace
                0x00000000878116fc        0x8 common/built-in.o
 .text.setup_machine
                0x0000000087811704        0x8 common/built-in.o
 .text.display_new_sp
                0x000000008781170c        0x8 common/built-in.o
 .text.coloured_LED_init
                0x0000000087811714        0x4 common/built-in.o
                0x0000000087811714                coloured_LED_init
 .text.red_led_on
                0x0000000087811718        0x4 common/built-in.o
                0x0000000087811718                red_led_on
 .text.board_add_ram_info
                0x000000008781171c        0x4 common/built-in.o
                0x000000008781171c                board_add_ram_info
 .text.show_dram_config
                0x0000000087811720       0x38 common/built-in.o
 .text.dram_init_banksize
                0x0000000087811758       0x20 common/built-in.o
                0x0000000087811758                dram_init_banksize
 .text.setup_dram_config
                0x0000000087811778       0x10 common/built-in.o
 .text.board_get_usable_ram_top
                0x0000000087811788       0x14 common/built-in.o
                0x0000000087811788                board_get_usable_ram_top
 .text.board_reserve_ram_top
                0x000000008781179c        0x4 common/built-in.o
                0x000000008781179c                board_reserve_ram_top
 .text.setup_dest_addr
                0x00000000878117a0       0x4c common/built-in.o
 .text.reserve_stacks
                0x00000000878117ec       0x1c common/built-in.o
 .text.board_init_f
                0x0000000087811808       0x30 common/built-in.o
                0x0000000087811808                board_init_f
 .text.bootstage_relocate
                0x0000000087811838        0x8 common/built-in.o
 .text.initr_reloc
                0x0000000087811840       0x18 common/built-in.o
 .text.initr_reloc_global_data
                0x0000000087811858       0x28 common/built-in.o
 .text.initr_announce
                0x0000000087811880        0x8 common/built-in.o
 .text.run_main_loop
                0x0000000087811888        0xc common/built-in.o
 .text.initr_net
                0x0000000087811894       0x1c common/built-in.o
 .text.initr_ethaddr
                0x00000000878118b0       0x20 common/built-in.o
 .text.initr_enable_interrupts
                0x00000000878118d0       0x10 common/built-in.o
 .text.initr_jumptable
                0x00000000878118e0       0x10 common/built-in.o
 .text.initr_env
                0x00000000878118f0       0x30 common/built-in.o
 .text.initr_mmc
                0x0000000087811920       0x20 common/built-in.o
 .text.initr_serial
                0x0000000087811940       0x10 common/built-in.o
 .text.initr_bootstage
                0x0000000087811950       0x14 common/built-in.o
 .text.initr_dm
                0x0000000087811964       0x14 common/built-in.o
 .text.initr_malloc
                0x0000000087811978       0x24 common/built-in.o
 .text.initr_caches
                0x000000008781199c       0x10 common/built-in.o
 .text.initr_console_record
                0x00000000878119ac        0x8 common/built-in.o
 .text.initr_trace
                0x00000000878119b4        0x8 common/built-in.o
 .text.initr_barrier
                0x00000000878119bc        0x8 common/built-in.o
 .text.cpu_secondary_init_r
                0x00000000878119c4        0x4 common/built-in.o
                0x00000000878119c4                cpu_secondary_init_r
 .text.initr_secondary_cpu
                0x00000000878119c8       0x10 common/built-in.o
 .text.board_init_r
                0x00000000878119d8       0x14 common/built-in.o
                0x00000000878119d8                board_init_r
 .text.show_board_info
                0x00000000878119ec        0x4 common/built-in.o
                0x00000000878119ec                show_board_info
 .text.bootm_find_images
                0x00000000878119f0       0xa8 common/built-in.o
                0x00000000878119f0                bootm_find_images
 .text.bootm_decomp_image
                0x0000000087811a98      0x14c common/built-in.o
                0x0000000087811a98                bootm_decomp_image
 .text.bootm_disable_interrupts
                0x0000000087811be4       0x18 common/built-in.o
                0x0000000087811be4                bootm_disable_interrupts
 .text.do_bootm_states
                0x0000000087811bfc      0x74c common/built-in.o
                0x0000000087811bfc                do_bootm_states
 .text.copy_args
                0x0000000087812348       0x54 common/built-in.o
 .text.do_bootm_rtems
                0x000000008781239c       0x40 common/built-in.o
 .text.do_bootm_plan9
                0x00000000878123dc       0xa4 common/built-in.o
 .text.do_bootm_standalone
                0x0000000087812480       0x64 common/built-in.o
 .text.do_bootm_qnxelf
                0x00000000878124e4       0x5c common/built-in.o
 .text.do_bootm_netbsd
                0x0000000087812540       0xf8 common/built-in.o
 .text.do_bootvx_fdt
                0x0000000087812638      0x118 common/built-in.o
                0x0000000087812638                do_bootvx_fdt
 .text.do_bootm_vxworks
                0x0000000087812750       0x24 common/built-in.o
 .text.boot_selected_os
                0x0000000087812774       0x58 common/built-in.o
                0x0000000087812774                boot_selected_os
 .text.bootm_os_get_boot_func
                0x00000000878127cc       0x10 common/built-in.o
                0x00000000878127cc                bootm_os_get_boot_func
 .text.regex_callback
                0x00000000878127dc      0x134 common/built-in.o
 .text.env_attr_walk
                0x0000000087812910      0x128 common/built-in.o
                0x0000000087812910                env_attr_walk
 .text.env_attr_lookup
                0x0000000087812a38       0x84 common/built-in.o
                0x0000000087812a38                env_attr_lookup
 .text.clear_callback
                0x0000000087812abc       0x10 common/built-in.o
 .text.find_env_callback
                0x0000000087812acc       0x64 common/built-in.o
 .text.on_callbacks
                0x0000000087812b30       0x50 common/built-in.o
 .text.set_callback
                0x0000000087812b80       0x98 common/built-in.o
 .text.env_callback_init
                0x0000000087812c18       0xc4 common/built-in.o
                0x0000000087812c18                env_callback_init
 .text.skip_num
                0x0000000087812cdc       0x78 common/built-in.o
 .text.clear_flags
                0x0000000087812d54       0x10 common/built-in.o
 .text.on_flags
                0x0000000087812d64       0x50 common/built-in.o
 .text.env_flags_parse_vartype
                0x0000000087812db4       0x50 common/built-in.o
                0x0000000087812db4                env_flags_parse_vartype
 .text.env_flags_parse_varaccess
                0x0000000087812e04       0x58 common/built-in.o
                0x0000000087812e04                env_flags_parse_varaccess
 .text.set_flags
                0x0000000087812e5c       0xb0 common/built-in.o
 .text.eth_validate_ethaddr_str
                0x0000000087812f0c       0x94 common/built-in.o
                0x0000000087812f0c                eth_validate_ethaddr_str
 .text.env_flags_init
                0x0000000087812fa0       0xd8 common/built-in.o
                0x0000000087812fa0                env_flags_init
 .text.env_flags_validate
                0x0000000087813078      0x2b8 common/built-in.o
                0x0000000087813078                env_flags_validate
 .text.mmc_get_env_addr
                0x0000000087813330       0x10 common/built-in.o
                0x0000000087813330                mmc_get_env_addr
 .text.fini_mmc_for_env.isra.0
                0x0000000087813340       0x1c common/built-in.o
 .text.env_init
                0x000000008781335c       0x1c common/built-in.o
                0x000000008781335c                env_init
 .text.init_mmc_for_env
                0x0000000087813378       0x78 common/built-in.o
 .text.saveenv  0x00000000878133f0      0x114 common/built-in.o
                0x00000000878133f0                saveenv
 .text.env_relocate_spec
                0x0000000087813504       0xe0 common/built-in.o
                0x0000000087813504                env_relocate_spec
 .text.fdt_find_and_setprop
                0x00000000878135e4       0x70 common/built-in.o
                0x00000000878135e4                fdt_find_and_setprop
 .text.fdt_find_or_add_subnode
                0x0000000087813654       0x60 common/built-in.o
                0x0000000087813654                fdt_find_or_add_subnode
 .text.fdt_root
                0x00000000878136b4       0x90 common/built-in.o
                0x00000000878136b4                fdt_root
 .text.fdt_initrd
                0x0000000087813744      0x1cc common/built-in.o
                0x0000000087813744                fdt_initrd
 .text.fdt_chosen
                0x0000000087813910       0xa8 common/built-in.o
                0x0000000087813910                fdt_chosen
 .text.do_fixup_by_path
                0x00000000878139b8       0x54 common/built-in.o
                0x00000000878139b8                do_fixup_by_path
 .text.fdt_fixup_memory_banks
                0x0000000087813a0c      0x1b0 common/built-in.o
                0x0000000087813a0c                fdt_fixup_memory_banks
 .text.fdt_fixup_memory
                0x0000000087813bbc       0x20 common/built-in.o
                0x0000000087813bbc                fdt_fixup_memory
 .text.fdt_fixup_ethernet
                0x0000000087813bdc      0x188 common/built-in.o
                0x0000000087813bdc                fdt_fixup_ethernet
 .text.fdt_shrink_to_minimum
                0x0000000087813d64       0xcc common/built-in.o
                0x0000000087813d64                fdt_shrink_to_minimum
 .text.miiphy_get_dev_by_name
                0x0000000087813e30       0x60 common/built-in.o
                0x0000000087813e30                miiphy_get_dev_by_name
 .text.miiphy_init
                0x0000000087813e90       0x24 common/built-in.o
                0x0000000087813e90                miiphy_init
 .text.mdio_alloc
                0x0000000087813eb4       0x30 common/built-in.o
                0x0000000087813eb4                mdio_alloc
 .text.mdio_register
                0x0000000087813ee4       0x94 common/built-in.o
                0x0000000087813ee4                mdio_register
 .text.mdio_unregister
                0x0000000087813f78       0x3c common/built-in.o
                0x0000000087813f78                mdio_unregister
 .text.mdio_list_devices
                0x0000000087813fb4       0xac common/built-in.o
                0x0000000087813fb4                mdio_list_devices
 .text.miiphy_set_current_dev
                0x0000000087814060       0x40 common/built-in.o
                0x0000000087814060                miiphy_set_current_dev
 .text.miiphy_get_active_dev
                0x00000000878140a0       0x54 common/built-in.o
 .text.mdio_get_current_dev
                0x00000000878140f4       0x10 common/built-in.o
                0x00000000878140f4                mdio_get_current_dev
 .text.mdio_phydev_for_ethname
                0x0000000087814104       0x88 common/built-in.o
                0x0000000087814104                mdio_phydev_for_ethname
 .text.miiphy_get_current_dev
                0x000000008781418c       0x18 common/built-in.o
                0x000000008781418c                miiphy_get_current_dev
 .text.miiphy_read
                0x00000000878141a4       0x4c common/built-in.o
                0x00000000878141a4                miiphy_read
 .text.miiphy_write
                0x00000000878141f0       0x40 common/built-in.o
                0x00000000878141f0                miiphy_write
 .text.miiphy_listdev
                0x0000000087814230       0x78 common/built-in.o
                0x0000000087814230                miiphy_listdev
 .text.miiphy_info
                0x00000000878142a8       0x88 common/built-in.o
                0x00000000878142a8                miiphy_info
 .text.miiphy_speed
                0x0000000087814330       0x94 common/built-in.o
                0x0000000087814330                miiphy_speed
 .text.miiphy_duplex
                0x00000000878143c4       0x94 common/built-in.o
                0x00000000878143c4                miiphy_duplex
 .text.miiphy_is_1000base_x
                0x0000000087814458        0x8 common/built-in.o
                0x0000000087814458                miiphy_is_1000base_x
 .text.usb_set_maxpacket_ep
                0x0000000087814460       0x70 common/built-in.o
 .text.usb_stop
                0x00000000878144d0       0x80 common/built-in.o
                0x00000000878144d0                usb_stop
 .text.usb_disable_asynch
                0x0000000087814550       0x20 common/built-in.o
                0x0000000087814550                usb_disable_asynch
 .text.usb_control_msg
                0x0000000087814570       0xc0 common/built-in.o
                0x0000000087814570                usb_control_msg
 .text.usb_get_descriptor
                0x0000000087814630       0x58 common/built-in.o
 .text.get_descriptor_len
                0x0000000087814688       0x90 common/built-in.o
 .text.usb_get_string
                0x0000000087814718       0x74 common/built-in.o
 .text.usb_string_sub
                0x000000008781478c      0x108 common/built-in.o
 .text.usb_bulk_msg
                0x0000000087814894       0x70 common/built-in.o
                0x0000000087814894                usb_bulk_msg
 .text.usb_maxpacket
                0x0000000087814904       0x1c common/built-in.o
                0x0000000087814904                usb_maxpacket
 .text.usb_clear_halt
                0x0000000087814920       0x90 common/built-in.o
                0x0000000087814920                usb_clear_halt
 .text.usb_get_configuration_len
                0x00000000878149b0       0x74 common/built-in.o
                0x00000000878149b0                usb_get_configuration_len
 .text.usb_get_configuration_no
                0x0000000087814a24       0x34 common/built-in.o
                0x0000000087814a24                usb_get_configuration_no
 .text.usb_set_interface
                0x0000000087814a58       0xb4 common/built-in.o
                0x0000000087814a58                usb_set_interface
 .text.usb_string
                0x0000000087814b0c      0x100 common/built-in.o
                0x0000000087814b0c                usb_string
 .text.usb_get_dev_index
                0x0000000087814c0c       0x24 common/built-in.o
                0x0000000087814c0c                usb_get_dev_index
 .text.usb_alloc_new_device
                0x0000000087814c30       0x90 common/built-in.o
                0x0000000087814c30                usb_alloc_new_device
 .text.usb_free_device
                0x0000000087814cc0       0x48 common/built-in.o
                0x0000000087814cc0                usb_free_device
 .text.usb_alloc_device
                0x0000000087814d08        0x8 common/built-in.o
                0x0000000087814d08                usb_alloc_device
 .text.usb_select_config
                0x0000000087814d10      0x45c common/built-in.o
                0x0000000087814d10                usb_select_config
 .text.usb_setup_device
                0x000000008781516c      0x19c common/built-in.o
                0x000000008781516c                usb_setup_device
 .text.usb_new_device
                0x0000000087815308       0x34 common/built-in.o
                0x0000000087815308                usb_new_device
 .text.usb_init
                0x000000008781533c      0x170 common/built-in.o
                0x000000008781533c                usb_init
 .text.usb_device_has_child_on_port
                0x00000000878154ac       0x14 common/built-in.o
                0x00000000878154ac                usb_device_has_child_on_port
 .text.usb_find_usb2_hub_address_port
                0x00000000878154c0       0x5c common/built-in.o
                0x00000000878154c0                usb_find_usb2_hub_address_port
 .text.usb_set_port_feature
                0x000000008781551c       0x4c common/built-in.o
 .text.usb_clear_port_feature
                0x0000000087815568       0x4c common/built-in.o
 .text.usb_get_hub_descriptor
                0x00000000878155b4       0x4c common/built-in.o
 .text.usb_hub_power_on
                0x0000000087815600       0x6c common/built-in.o
 .text.usb_hub_reset_devices
                0x000000008781566c        0x4 common/built-in.o
                0x000000008781566c                usb_hub_reset_devices
 .text.usb_get_port_status
                0x0000000087815670       0x4c common/built-in.o
                0x0000000087815670                usb_get_port_status
 .text.usb_hub_reset
                0x00000000878156bc       0x14 common/built-in.o
                0x00000000878156bc                usb_hub_reset
 .text.legacy_hub_port_reset
                0x00000000878156d0       0xa0 common/built-in.o
                0x00000000878156d0                legacy_hub_port_reset
 .text.usb_hub_port_connect_change
                0x0000000087815770      0x16c common/built-in.o
                0x0000000087815770                usb_hub_port_connect_change
 .text.usb_hub_configure
                0x00000000878158dc      0x2c0 common/built-in.o
 .text.usb_hub_probe
                0x0000000087815b9c       0x54 common/built-in.o
                0x0000000087815b9c                usb_hub_probe
 .text.usb_stor_irq
                0x0000000087815bf0       0x1c common/built-in.o
 .text.usb_stor_BBB_reset
                0x0000000087815c0c       0xd0 common/built-in.o
 .text.usb_stor_CB_reset
                0x0000000087815cdc       0xd0 common/built-in.o
 .text.usb_stor_BBB_clear_endpt_stall.isra.0
                0x0000000087815dac       0x40 common/built-in.o
 .text.usb_stor_BBB_transport
                0x0000000087815dec      0x258 common/built-in.o
 .text.usb_stor_CB_comdat
                0x0000000087816044      0x204 common/built-in.o
 .text.usb_stor_CBI_get_status.isra.2
                0x0000000087816248       0xc8 common/built-in.o
 .text.usb_stor_CB_transport
                0x0000000087816310      0x228 common/built-in.o
 .text.usb_request_sense.constprop.8
                0x0000000087816538       0x70 common/built-in.o
 .text.usb_stor_read
                0x00000000878165a8      0x16c common/built-in.o
 .text.usb_stor_write
                0x0000000087816714      0x16c common/built-in.o
 .text.usb_stor_get_dev
                0x0000000087816880       0x28 common/built-in.o
                0x0000000087816880                usb_stor_get_dev
 .text.usb_stor_info
                0x00000000878168a8       0x78 common/built-in.o
                0x00000000878168a8                usb_stor_info
 .text.usb_storage_probe
                0x0000000087816920      0x204 common/built-in.o
                0x0000000087816920                usb_storage_probe
 .text.usb_stor_get_info
                0x0000000087816b24      0x324 common/built-in.o
                0x0000000087816b24                usb_stor_get_info
 .text.usb_stor_scan
                0x0000000087816e48      0x1e8 common/built-in.o
                0x0000000087816e48                usb_stor_scan
 .text.splash_get_pos
                0x0000000087817030       0x88 common/built-in.o
                0x0000000087817030                splash_get_pos
 .text.env_get_char_spec
                0x00000000878170b8        0xc common/built-in.o
                0x00000000878170b8                env_get_char_spec
 .text.env_get_addr
                0x00000000878170c4       0x20 common/built-in.o
                0x00000000878170c4                env_get_addr
 .text.env_get_char_memory
                0x00000000878170e4       0x10 common/built-in.o
                0x00000000878170e4                env_get_char_memory
 .text.env_get_char
                0x00000000878170f4       0x30 common/built-in.o
                0x00000000878170f4                env_get_char
 .text.getenv_yesno
                0x0000000087817124       0x3c common/built-in.o
                0x0000000087817124                getenv_yesno
 .text.getenv_default
                0x0000000087817160       0x30 common/built-in.o
                0x0000000087817160                getenv_default
 .text.set_default_env
                0x0000000087817190       0xc0 common/built-in.o
                0x0000000087817190                set_default_env
 .text.set_default_vars
                0x0000000087817250       0x38 common/built-in.o
                0x0000000087817250                set_default_vars
 .text.env_import
                0x0000000087817288       0xdc common/built-in.o
                0x0000000087817288                env_import
 .text.env_export
                0x0000000087817364       0xa0 common/built-in.o
                0x0000000087817364                env_export
 .text.env_relocate
                0x0000000087817404       0x2c common/built-in.o
                0x0000000087817404                env_relocate
 .text.env_complete
                0x0000000087817430       0xf0 common/built-in.o
                0x0000000087817430                env_complete
 .text.console_setfile
                0x0000000087817520       0xc0 common/built-in.o
 .text.serial_printf
                0x00000000878175e0       0x44 common/built-in.o
                0x00000000878175e0                serial_printf
 .text.putc     0x0000000087817624       0x34 common/built-in.o
                0x0000000087817624                putc
 .text.puts     0x0000000087817658       0x34 common/built-in.o
                0x0000000087817658                puts
 .text.fgetc    0x000000008781768c       0x24 common/built-in.o
                0x000000008781768c                fgetc
 .text.getc     0x00000000878176b0       0x24 common/built-in.o
                0x00000000878176b0                getc
 .text.ftstc    0x00000000878176d4       0x24 common/built-in.o
                0x00000000878176d4                ftstc
 .text.tstc     0x00000000878176f8       0x24 common/built-in.o
                0x00000000878176f8                tstc
 .text.ctrlc    0x000000008781771c       0x58 common/built-in.o
                0x000000008781771c                ctrlc
 .text.confirm_yesno
                0x0000000087817774       0xd4 common/built-in.o
                0x0000000087817774                confirm_yesno
 .text.had_ctrlc
                0x0000000087817848       0x10 common/built-in.o
                0x0000000087817848                had_ctrlc
 .text.clear_ctrlc
                0x0000000087817858       0x14 common/built-in.o
                0x0000000087817858                clear_ctrlc
 .text.search_device
                0x000000008781786c       0x28 common/built-in.o
                0x000000008781786c                search_device
 .text.console_assign
                0x0000000087817894       0x48 common/built-in.o
                0x0000000087817894                console_assign
 .text.on_console
                0x00000000878178dc       0xb8 common/built-in.o
 .text.console_init_f
                0x0000000087817994       0x10 common/built-in.o
                0x0000000087817994                console_init_f
 .text.stdio_print_current_devices
                0x00000000878179a4       0xb0 common/built-in.o
                0x00000000878179a4                stdio_print_current_devices
 .text.console_init_r
                0x0000000087817a54      0x180 common/built-in.o
                0x0000000087817a54                console_init_r
 .text.sbrk     0x0000000087817bd4       0x6c common/built-in.o
                0x0000000087817bd4                sbrk
 .text.mem_malloc_init
                0x0000000087817c40       0x34 common/built-in.o
                0x0000000087817c40                mem_malloc_init
 .text.malloc_trim
                0x0000000087817c74       0xcc common/built-in.o
                0x0000000087817c74                malloc_trim
 .text.free     0x0000000087817d40      0x244 common/built-in.o
                0x0000000087817d40                free
 .text.malloc   0x0000000087817f84      0x618 common/built-in.o
                0x0000000087817f84                malloc
 .text.calloc   0x000000008781859c      0x144 common/built-in.o
                0x000000008781859c                calloc
 .text.realloc  0x00000000878186e0      0x4e0 common/built-in.o
                0x00000000878186e0                realloc
 .text.memalign
                0x0000000087818bc0      0x140 common/built-in.o
                0x0000000087818bc0                memalign
 .text.initf_malloc
                0x0000000087818d00       0x18 common/built-in.o
                0x0000000087818d00                initf_malloc
 .text.malloc_simple
                0x0000000087818d18       0x30 common/built-in.o
                0x0000000087818d18                malloc_simple
 .text.on_loadaddr
                0x0000000087818d48       0x38 common/built-in.o
 .text.image_check_hcrc
                0x0000000087818d80       0x4c common/built-in.o
                0x0000000087818d80                image_check_hcrc
 .text.image_check_dcrc
                0x0000000087818dcc       0x38 common/built-in.o
                0x0000000087818dcc                image_check_dcrc
 .text.image_multi_count
                0x0000000087818e04       0x1c common/built-in.o
                0x0000000087818e04                image_multi_count
 .text.image_multi_getimg
                0x0000000087818e20       0x80 common/built-in.o
                0x0000000087818e20                image_multi_getimg
 .text.getenv_bootm_low
                0x0000000087818ea0       0x30 common/built-in.o
                0x0000000087818ea0                getenv_bootm_low
 .text.getenv_bootm_size
                0x0000000087818ed0       0x68 common/built-in.o
                0x0000000087818ed0                getenv_bootm_size
 .text.getenv_bootm_mapsize
                0x0000000087818f38       0x30 common/built-in.o
                0x0000000087818f38                getenv_bootm_mapsize
 .text.memmove_wd
                0x0000000087818f68        0xc common/built-in.o
                0x0000000087818f68                memmove_wd
 .text.genimg_print_size
                0x0000000087818f74       0x30 common/built-in.o
                0x0000000087818f74                genimg_print_size
 .text.get_table_entry
                0x0000000087818fa4       0x24 common/built-in.o
                0x0000000087818fa4                get_table_entry
 .text.get_table_entry_name
                0x0000000087818fc8       0x20 common/built-in.o
                0x0000000087818fc8                get_table_entry_name
 .text.genimg_get_os_name
                0x0000000087818fe8       0x18 common/built-in.o
                0x0000000087818fe8                genimg_get_os_name
 .text.genimg_get_arch_name
                0x0000000087819000       0x18 common/built-in.o
                0x0000000087819000                genimg_get_arch_name
 .text.genimg_get_type_name
                0x0000000087819018       0x18 common/built-in.o
                0x0000000087819018                genimg_get_type_name
 .text.genimg_get_comp_name
                0x0000000087819030       0x18 common/built-in.o
                0x0000000087819030                genimg_get_comp_name
 .text.image_print_contents
                0x0000000087819048      0x17c common/built-in.o
                0x0000000087819048                image_print_contents
 .text.genimg_get_kernel_addr_fit
                0x00000000878191c4       0x24 common/built-in.o
                0x00000000878191c4                genimg_get_kernel_addr_fit
 .text.genimg_get_format
                0x00000000878191e8       0x34 common/built-in.o
                0x00000000878191e8                genimg_get_format
 .text.genimg_get_image
                0x000000008781921c        0x4 common/built-in.o
                0x000000008781921c                genimg_get_image
 .text.genimg_has_config
                0x0000000087819220        0x8 common/built-in.o
                0x0000000087819220                genimg_has_config
 .text.boot_get_ramdisk
                0x0000000087819228      0x274 common/built-in.o
                0x0000000087819228                boot_get_ramdisk
 .text.boot_ramdisk_high
                0x000000008781949c      0x138 common/built-in.o
                0x000000008781949c                boot_ramdisk_high
 .text.boot_get_setup
                0x00000000878195d4        0x8 common/built-in.o
                0x00000000878195d4                boot_get_setup
 .text.image_setup_linux
                0x00000000878195dc       0x8c common/built-in.o
                0x00000000878195dc                image_setup_linux
 .text.fdt_error
                0x0000000087819668       0x2c common/built-in.o
 .text.boot_fdt_add_mem_rsv_regions
                0x0000000087819694       0x8c common/built-in.o
                0x0000000087819694                boot_fdt_add_mem_rsv_regions
 .text.boot_relocate_fdt
                0x0000000087819720      0x198 common/built-in.o
                0x0000000087819720                boot_relocate_fdt
 .text.boot_get_fdt
                0x00000000878198b8      0x2ac common/built-in.o
                0x00000000878198b8                boot_get_fdt
 .text.ft_verify_fdt
                0x0000000087819b64        0x8 common/built-in.o
                0x0000000087819b64                ft_verify_fdt
 .text.image_setup_libfdt
                0x0000000087819b6c      0x100 common/built-in.o
                0x0000000087819b6c                image_setup_libfdt
 .text.get_effective_memsize
                0x0000000087819c6c        0x8 common/built-in.o
                0x0000000087819c6c                get_effective_memsize
 .text.nulldev_putc
                0x0000000087819c74        0x4 common/built-in.o
 .text.nulldev_puts
                0x0000000087819c78        0x4 common/built-in.o
 .text.nulldev_input
                0x0000000087819c7c        0x8 common/built-in.o
 .text.stdio_serial_tstc
                0x0000000087819c84        0x4 common/built-in.o
 .text.stdio_serial_getc
                0x0000000087819c88        0x4 common/built-in.o
 .text.stdio_serial_puts
                0x0000000087819c8c        0x8 common/built-in.o
 .text.stdio_serial_putc
                0x0000000087819c94        0x8 common/built-in.o
 .text.stdio_get_list
                0x0000000087819c9c        0xc common/built-in.o
                0x0000000087819c9c                stdio_get_list
 .text.stdio_get_by_name
                0x0000000087819ca8       0x5c common/built-in.o
                0x0000000087819ca8                stdio_get_by_name
 .text.stdio_clone
                0x0000000087819d04       0x38 common/built-in.o
                0x0000000087819d04                stdio_clone
 .text.stdio_register_dev
                0x0000000087819d3c       0x50 common/built-in.o
                0x0000000087819d3c                stdio_register_dev
 .text.stdio_register
                0x0000000087819d8c        0x8 common/built-in.o
                0x0000000087819d8c                stdio_register
 .text.stdio_init_tables
                0x0000000087819d94       0x1c common/built-in.o
                0x0000000087819d94                stdio_init_tables
 .text.stdio_add_devices
                0x0000000087819db0       0xd4 common/built-in.o
                0x0000000087819db0                stdio_add_devices
 .text.run_command
                0x0000000087819e84       0x10 common/built-in.o
                0x0000000087819e84                run_command
 .text.run_command_list
                0x0000000087819e94       0x7c common/built-in.o
                0x0000000087819e94                run_command_list
 .text.do_run   0x0000000087819f10       0x78 common/built-in.o
                0x0000000087819f10                do_run
 .text.cli_loop
                0x0000000087819f88        0xc common/built-in.o
                0x0000000087819f88                cli_loop
 .text.cli_init
                0x0000000087819f94        0x4 common/built-in.o
                0x0000000087819f94                cli_init
 .text.delete_char.part.0
                0x0000000087819f98       0xd4 common/built-in.o
 .text.cread_add_char
                0x000000008781a06c       0xe8 common/built-in.o
 .text.cli_readline_into_buffer
                0x000000008781a154      0x9cc common/built-in.o
                0x000000008781a154                cli_readline_into_buffer
 .text.cli_readline
                0x000000008781ab20       0x14 common/built-in.o
                0x000000008781ab20                cli_readline
 .text.find_cmd_tbl
                0x000000008781ab34       0xa4 common/built-in.o
                0x000000008781ab34                find_cmd_tbl
 .text.find_cmd
                0x000000008781abd8       0x28 common/built-in.o
                0x000000008781abd8                find_cmd
 .text.cmd_usage
                0x000000008781ac00       0x5c common/built-in.o
                0x000000008781ac00                cmd_usage
 .text._do_help
                0x000000008781ac5c      0x188 common/built-in.o
                0x000000008781ac5c                _do_help
 .text.var_complete
                0x000000008781ade4       0x98 common/built-in.o
                0x000000008781ade4                var_complete
 .text.cmd_auto_complete
                0x000000008781ae7c      0x4b8 common/built-in.o
                0x000000008781ae7c                cmd_auto_complete
 .text.cmd_get_data_size
                0x000000008781b334       0x5c common/built-in.o
                0x000000008781b334                cmd_get_data_size
 .text.cmd_process
                0x000000008781b390       0xec common/built-in.o
                0x000000008781b390                cmd_process
 .text.cmd_process_error
                0x000000008781b47c       0x30 common/built-in.o
                0x000000008781b47c                cmd_process_error
 .text.hex1_bin
                0x000000008781b4ac       0x40 common/built-in.o
 .text.hex2_bin
                0x000000008781b4ec       0x38 common/built-in.o
 .text.srec_decode
                0x000000008781b524      0x250 common/built-in.o
                0x000000008781b524                srec_decode
 .text.CYGACC_COMM_IF_GETC_TIMEOUT.isra.0
                0x000000008781b774       0x5c common/built-in.o
 .text.xyzModem_flush
                0x000000008781b7d0       0x1c common/built-in.o
 .text.xyzModem_get_hdr
                0x000000008781b7ec      0x224 common/built-in.o
 .text.xyzModem_stream_open
                0x000000008781ba10      0x234 common/built-in.o
                0x000000008781ba10                xyzModem_stream_open
 .text.xyzModem_stream_read
                0x000000008781bc44      0x250 common/built-in.o
                0x000000008781bc44                xyzModem_stream_read
 .text.xyzModem_stream_close
                0x000000008781be94       0x54 common/built-in.o
                0x000000008781be94                xyzModem_stream_close
 .text.xyzModem_stream_terminate
                0x000000008781bee8       0x94 common/built-in.o
                0x000000008781bee8                xyzModem_stream_terminate
 .text.xyzModem_error
                0x000000008781bf7c       0x20 common/built-in.o
                0x000000008781bf7c                xyzModem_error
 .text.get_dev_hwpart
                0x000000008781bf9c       0xa8 disk/built-in.o
 .text.dev_print
                0x000000008781c044      0x20c disk/built-in.o
                0x000000008781c044                dev_print
 .text.init_part
                0x000000008781c250       0x20 disk/built-in.o
                0x000000008781c250                init_part
 .text.print_part
                0x000000008781c270       0xf4 disk/built-in.o
                0x000000008781c270                print_part
 .text.get_partition_info
                0x000000008781c364       0x2c disk/built-in.o
                0x000000008781c364                get_partition_info
 .text.get_device
                0x000000008781c390      0x128 disk/built-in.o
                0x000000008781c390                get_device
 .text.get_device_and_partition
                0x000000008781c4b8      0x3f0 disk/built-in.o
                0x000000008781c4b8                get_device_and_partition
 .text.test_block_type
                0x000000008781c8a8       0x84 disk/built-in.o
 .text.print_partition_extended
                0x000000008781c92c      0x274 disk/built-in.o
 .text.get_partition_info_extended.constprop.1
                0x000000008781cba0      0x2fc disk/built-in.o
 .text.test_part_dos
                0x000000008781ce9c       0x60 disk/built-in.o
                0x000000008781ce9c                test_part_dos
 .text.print_part_dos
                0x000000008781cefc       0x34 disk/built-in.o
                0x000000008781cefc                print_part_dos
 .text.get_partition_info_dos
                0x000000008781cf30       0x20 disk/built-in.o
                0x000000008781cf30                get_partition_info_dos
 .text.alloc_priv
                0x000000008781cf50       0x48 drivers/built-in.o
 .text.device_bind
                0x000000008781cf98      0x304 drivers/built-in.o
                0x000000008781cf98                device_bind
 .text.device_bind_by_name
                0x000000008781d29c       0x60 drivers/built-in.o
                0x000000008781d29c                device_bind_by_name
 .text.device_probe
                0x000000008781d2fc      0x234 drivers/built-in.o
                0x000000008781d2fc                device_probe
 .text.dev_get_platdata
                0x000000008781d530       0x34 drivers/built-in.o
                0x000000008781d530                dev_get_platdata
 .text.dev_get_priv
                0x000000008781d564       0x34 drivers/built-in.o
                0x000000008781d564                dev_get_priv
 .text.lists_driver_lookup_name
                0x000000008781d598       0x4c drivers/built-in.o
                0x000000008781d598                lists_driver_lookup_name
 .text.lists_uclass_lookup
                0x000000008781d5e4       0x3c drivers/built-in.o
                0x000000008781d5e4                lists_uclass_lookup
 .text.lists_bind_drivers
                0x000000008781d620       0x8c drivers/built-in.o
                0x000000008781d620                lists_bind_drivers
 .text.dm_root  0x000000008781d6ac       0x2c drivers/built-in.o
                0x000000008781d6ac                dm_root
 .text.dm_init  0x000000008781d6d8       0x58 drivers/built-in.o
                0x000000008781d6d8                dm_init
 .text.dm_scan_platdata
                0x000000008781d730       0x2c drivers/built-in.o
                0x000000008781d730                dm_scan_platdata
 .text.dm_scan_other
                0x000000008781d75c        0x8 drivers/built-in.o
                0x000000008781d75c                dm_scan_other
 .text.dm_init_and_scan
                0x000000008781d764       0x30 drivers/built-in.o
                0x000000008781d764                dm_init_and_scan
 .text.uclass_find
                0x000000008781d794       0x4c drivers/built-in.o
                0x000000008781d794                uclass_find
 .text.uclass_get
                0x000000008781d7e0      0x124 drivers/built-in.o
                0x000000008781d7e0                uclass_get
 .text.uclass_find_device
                0x000000008781d904       0x74 drivers/built-in.o
                0x000000008781d904                uclass_find_device
 .text.uclass_find_device_by_seq
                0x000000008781d978       0x7c drivers/built-in.o
                0x000000008781d978                uclass_find_device_by_seq
 .text.uclass_get_device_tail
                0x000000008781d9f4       0x2c drivers/built-in.o
                0x000000008781d9f4                uclass_get_device_tail
 .text.uclass_get_device
                0x000000008781da20       0x30 drivers/built-in.o
                0x000000008781da20                uclass_get_device
 .text.uclass_bind_device
                0x000000008781da50       0x7c drivers/built-in.o
                0x000000008781da50                uclass_bind_device
 .text.uclass_unbind_device
                0x000000008781dacc       0x4c drivers/built-in.o
                0x000000008781dacc                uclass_unbind_device
 .text.uclass_resolve_seq
                0x000000008781db18       0xb0 drivers/built-in.o
                0x000000008781db18                uclass_resolve_seq
 .text.uclass_pre_probe_device
                0x000000008781dbc8       0x64 drivers/built-in.o
                0x000000008781dbc8                uclass_pre_probe_device
 .text.uclass_post_probe_device
                0x000000008781dc2c       0x20 drivers/built-in.o
                0x000000008781dc2c                uclass_post_probe_device
 .text.uclass_pre_remove_device
                0x000000008781dc4c       0x20 drivers/built-in.o
                0x000000008781dc4c                uclass_pre_remove_device
 .text.dm_warn  0x000000008781dc6c       0x28 drivers/built-in.o
                0x000000008781dc6c                dm_warn
 .text.device_free
                0x000000008781dc94       0x90 drivers/built-in.o
                0x000000008781dc94                device_free
 .text.device_remove
                0x000000008781dd24      0x138 drivers/built-in.o
                0x000000008781dd24                device_remove
 .text.show_devices
                0x000000008781de5c      0x100 drivers/built-in.o
 .text.dm_dump_all
                0x000000008781df5c       0x3c drivers/built-in.o
                0x000000008781df5c                dm_dump_all
 .text.dm_dump_uclass
                0x000000008781df98       0xec drivers/built-in.o
                0x000000008781df98                dm_dump_uclass
 .text.finish_access
                0x000000008781e084       0x2c drivers/built-in.o
 .text.setup_direct_access
                0x000000008781e0b0      0x11c drivers/built-in.o
 .text.prepare_access
                0x000000008781e1cc       0xcc drivers/built-in.o
 .text.fuse_bank_physical
                0x000000008781e298       0xd4 drivers/built-in.o
                0x000000008781e298                fuse_bank_physical
 .text.fuse_word_physical
                0x000000008781e36c       0x40 drivers/built-in.o
                0x000000008781e36c                fuse_word_physical
 .text.fuse_read
                0x000000008781e3ac       0x80 drivers/built-in.o
                0x000000008781e3ac                fuse_read
 .text.fuse_sense
                0x000000008781e42c       0x94 drivers/built-in.o
                0x000000008781e42c                fuse_sense
 .text.fuse_prog
                0x000000008781e4c0       0x88 drivers/built-in.o
                0x000000008781e4c0                fuse_prog
 .text.fuse_override
                0x000000008781e548       0x78 drivers/built-in.o
                0x000000008781e548                fuse_override
 .text.video_invertchar
                0x000000008781e5c0       0x74 drivers/built-in.o
 .text.draw_bitmap
                0x000000008781e634       0xdc drivers/built-in.o
 .text.video_putc.part.1
                0x000000008781e710       0x28 drivers/built-in.o
 .text.console_newline.constprop.3
                0x000000008781e738       0xc8 drivers/built-in.o
 .text.board_cfb_skip
                0x000000008781e800        0x8 drivers/built-in.o
                0x000000008781e800                board_cfb_skip
 .text.console_cursor
                0x000000008781e808       0x98 drivers/built-in.o
                0x000000008781e808                console_cursor
 .text.video_putc
                0x000000008781e8a0      0x508 drivers/built-in.o
 .text.video_puts
                0x000000008781eda8       0x7c drivers/built-in.o
 .text.video_set_lut
                0x000000008781ee24        0x4 drivers/built-in.o
                0x000000008781ee24                video_set_lut
 .text.display_rle8_bitmap
                0x000000008781ee28      0x374 drivers/built-in.o
 .text.video_display_bitmap
                0x000000008781f19c      0x91c drivers/built-in.o
                0x000000008781f19c                video_display_bitmap
 .text.video_clear
                0x000000008781fab8       0x54 drivers/built-in.o
                0x000000008781fab8                video_clear
 .text.drv_video_init
                0x000000008781fb0c      0x21c drivers/built-in.o
                0x000000008781fb0c                drv_video_init
 .text.mxsfb_system_setup
                0x000000008781fd28        0x4 drivers/built-in.o
                0x000000008781fd28                mxsfb_system_setup
 .text.mxs_lcd_panel_setup
                0x000000008781fd2c       0x78 drivers/built-in.o
                0x000000008781fd2c                mxs_lcd_panel_setup
 .text.lcdif_power_down
                0x000000008781fda4       0x5c drivers/built-in.o
                0x000000008781fda4                lcdif_power_down
 .text.video_hw_init
                0x000000008781fe00      0x378 drivers/built-in.o
                0x000000008781fe00                video_hw_init
 .text.video_get_param_len.constprop.1
                0x0000000087820178       0x20 drivers/built-in.o
 .text.video_get_params
                0x0000000087820198      0x4e8 drivers/built-in.o
                0x0000000087820198                video_get_params
 .text.reset_cpu
                0x0000000087820680       0x48 drivers/built-in.o
                0x0000000087820680                reset_cpu
 .text.thermal_get_temp
                0x00000000878206c8       0x20 drivers/built-in.o
                0x00000000878206c8                thermal_get_temp
 .text.read_cpu_temperature
                0x00000000878206e8      0x14c drivers/built-in.o
 .text.imx_thermal_get_temp
                0x0000000087820834       0x74 drivers/built-in.o
                0x0000000087820834                imx_thermal_get_temp
 .text.imx_thermal_probe
                0x00000000878208a8       0xc8 drivers/built-in.o
 .text.gpio_set_value
                0x0000000087820970       0x44 drivers/gpio/built-in.o
                0x0000000087820970                gpio_set_value
 .text.gpio_get_value
                0x00000000878209b4       0x34 drivers/gpio/built-in.o
                0x00000000878209b4                gpio_get_value
 .text.gpio_request
                0x00000000878209e8       0x10 drivers/gpio/built-in.o
                0x00000000878209e8                gpio_request
 .text.gpio_free
                0x00000000878209f8        0x8 drivers/gpio/built-in.o
                0x00000000878209f8                gpio_free
 .text.gpio_direction_input
                0x0000000087820a00       0x3c drivers/gpio/built-in.o
                0x0000000087820a00                gpio_direction_input
 .text.gpio_direction_output
                0x0000000087820a3c       0x50 drivers/gpio/built-in.o
                0x0000000087820a3c                gpio_direction_output
 .text.i2c_get_adapter
                0x0000000087820a8c       0x64 drivers/i2c/built-in.o
                0x0000000087820a8c                i2c_get_adapter
 .text.i2c_init_bus
                0x0000000087820af0       0x90 drivers/i2c/built-in.o
 .text.i2c_get_bus_num
                0x0000000087820b80        0x8 drivers/i2c/built-in.o
                0x0000000087820b80                i2c_get_bus_num
 .text.i2c_set_bus_num
                0x0000000087820b88       0xb8 drivers/i2c/built-in.o
                0x0000000087820b88                i2c_set_bus_num
 .text.i2c_init_all
                0x0000000087820c40       0x14 drivers/i2c/built-in.o
                0x0000000087820c40                i2c_init_all
 .text.i2c_probe
                0x0000000087820c54       0x2c drivers/i2c/built-in.o
                0x0000000087820c54                i2c_probe
 .text.i2c_read
                0x0000000087820c80       0x4c drivers/i2c/built-in.o
                0x0000000087820c80                i2c_read
 .text.i2c_write
                0x0000000087820ccc       0x4c drivers/i2c/built-in.o
                0x0000000087820ccc                i2c_write
 .text.i2c_set_bus_speed
                0x0000000087820d18       0x64 drivers/i2c/built-in.o
                0x0000000087820d18                i2c_set_bus_speed
 .text.i2c_get_bus_speed
                0x0000000087820d7c       0x14 drivers/i2c/built-in.o
                0x0000000087820d7c                i2c_get_bus_speed
 .text.i2c_init
                0x0000000087820d90       0x14 drivers/i2c/built-in.o
                0x0000000087820d90                i2c_init
 .text.wait_for_sr_state
                0x0000000087820da4      0x100 drivers/i2c/built-in.o
 .text.tx_byte  0x0000000087820ea4       0x50 drivers/i2c/built-in.o
 .text.bus_i2c_set_bus_speed
                0x0000000087820ef4       0xb4 drivers/i2c/built-in.o
 .text.mxc_i2c_set_bus_speed
                0x0000000087820fa8       0x18 drivers/i2c/built-in.o
 .text.i2c_imx_stop
                0x0000000087820fc0       0x50 drivers/i2c/built-in.o
 .text.__i2c_force_reset_slave
                0x0000000087821010        0x4 drivers/i2c/built-in.o
                0x0000000087821010                __i2c_force_reset_slave
                0x0000000087821010                i2c_force_reset_slave
 .text.i2c_idle_bus
                0x0000000087821014       0x24 drivers/i2c/built-in.o
                0x0000000087821014                i2c_idle_bus
 .text.i2c_init_transfer
                0x0000000087821038      0x230 drivers/i2c/built-in.o
 .text.mxc_i2c_probe
                0x0000000087821268       0x40 drivers/i2c/built-in.o
 .text.mxc_i2c_read
                0x00000000878212a8      0x184 drivers/i2c/built-in.o
 .text.mxc_i2c_write
                0x000000008782142c       0x6c drivers/i2c/built-in.o
 .text.bus_i2c_init