mx6ullevk.c:773:6:do_enable_parallel_lcd	8	static
mx6ullevk.c:187:6:iox74lv_set	24	static
mx6ullevk.c:245:5:power_init_board	0	static
mx6ullevk.c:326:5:dram_init	8	static
mx6ullevk.c:447:5:board_mmc_get_env_dev	0	static
mx6ullevk.c:455:5:mmc_map_to_kernel_blk	0	static
mx6ullevk.c:463:5:board_mmc_getcd	8	static
mx6ullevk.c:495:5:board_mmc_init	24	static
mx6ullevk.c:571:5:board_usb_phy_mode	0	static
mx6ullevk.c:579:5:board_ehci_hcd_init	0	static
mx6ullevk.c:686:5:board_eth_init	8	static
mx6ullevk.c:724:5:board_phy_config	24	static
mx6ullevk.c:930:5:board_early_init_f	8	static
mx6ullevk.c:944:6:select_display_dev	8	static
mx6ullevk.c:1094:5:imx6_light_up_led1	8	static
mx6ullevk.c:1099:5:imx6_light_up_led2	8	static
mx6ullevk.c:1104:5:board_init	24	static
mx6ullevk.c:1148:5:board_late_init	8	static
mx6ullevk.c:1172:5:checkboard	8	static
